1751644349.663057 [[38;5;42m  INFO  [0m]root: Creating Producer
1751644349.663723 [[38;5;42m  INFO  [0m]root: Sending command: Command(action=query, target=[<Feature.versions: 1>, <Feature.profiles: 2>, <Feature.pairs: 3>], args={'response_requested': <ResponseType.complete: 3>, 'direction': <Direction.ingress: 2>}, actuator=slpf(hostname:firewall,named_group:firewalls,asset_id:iptables), command_id=None)
1751644349.668883 [[38;5;42m  INFO  [0m]otupy.transfers.http.http_transfer: Sending to http://127.0.0.1:8080/.well-known/openc2
1751644349.669189 [[38;5;42m  INFO  [0m]otupy.transfers.http.http_transfer: HTTP Request Content:
{
   "headers": {
      "request_id": "4d481065-c163-46ba-a151-dad6efa3bc2e",
      "created": 1751644349664,
      "from": "producer.example.net",
      "to": [
         "127.0.0.1"
      ]
   },
   "body": {
      "openc2": {
         "request": {
            "action": "query",
            "target": {
               "features": [
                  "versions",
                  "profiles",
                  "pairs"
               ]
            },
            "args": {
               "slpf": {
                  "direction": "ingress"
               },
               "response_requested": "complete"
            },
            "actuator": {
               "slpf": {
                  "hostname": "firewall",
                  "named_group": "firewalls",
                  "asset_id": "iptables"
               }
            }
         }
      }
   }
}
1751644349.709670 [[38;5;42m  INFO  [0m]otupy.transfers.http.http_transfer: HTTP got response: <Response [500]>
1751644349.710056 [[38;5;42m  INFO  [0m]otupy.transfers.http.http_transfer: HTTP Response Content:
<!doctype html>
<html lang=en>
  <head>
    <title>TypeError: Consumer.dispatch() got an unexpected keyword argument &#39;token&#39;
 // Werkzeug Debugger</title>
    <link rel="stylesheet" href="?__debugger__=yes&amp;cmd=resource&amp;f=style.css">
    <link rel="shortcut icon"
        href="?__debugger__=yes&amp;cmd=resource&amp;f=console.png">
    <script src="?__debugger__=yes&amp;cmd=resource&amp;f=debugger.js"></script>
    <script>
      var CONSOLE_MODE = false,
          EVALEX = true,
          EVALEX_TRUSTED = false,
          SECRET = "zb5h37augNE7ympKw9HD";
    </script>
  </head>
  <body style="background-color: #fff">
    <div class="debugger">
<h1>TypeError</h1>
<div class="detail">
  <p class="errormsg">TypeError: Consumer.dispatch() got an unexpected keyword argument &#39;token&#39;
</p>
</div>
<h2 class="traceback">Traceback <em>(most recent call last)</em></h2>
<div class="traceback">
  <h3></h3>
  <ul><li><div class="frame" id="frame-4378461088">
  <h4>File <cite class="filename">"/Users/nicolapoidomani/Desktop/otupy/venv/lib/python3.11/site-packages/flask/app.py"</cite>,
      line <em class="line">1498</em>,
      in <code class="function">__call__</code></h4>
  <div class="source library"><pre class="line before"><span class="ws">    </span>) -&gt; cabc.Iterable[bytes]:</pre>
<pre class="line before"><span class="ws">        </span>&#34;&#34;&#34;The WSGI server calls the Flask application object as the</pre>
<pre class="line before"><span class="ws">        </span>WSGI application. This calls :meth:`wsgi_app`, which can be</pre>
<pre class="line before"><span class="ws">        </span>wrapped to apply middleware.</pre>
<pre class="line before"><span class="ws">        </span>&#34;&#34;&#34;</pre>
<pre class="line current"><span class="ws">        </span>return self.wsgi_app(environ, start_response)
<span class="ws">        </span>       ^^^^^^^^^^^^^^^^^^^^^^^^^^^^^^^^^^^^^^</pre></div>
</div>

<li><div class="frame" id="frame-4378465408">
  <h4>File <cite class="filename">"/Users/nicolapoidomani/Desktop/otupy/venv/lib/python3.11/site-packages/flask/app.py"</cite>,
      line <em class="line">1476</em>,
      in <code class="function">wsgi_app</code></h4>
  <div class="source library"><pre class="line before"><span class="ws">            </span>try:</pre>
<pre class="line before"><span class="ws">                </span>ctx.push()</pre>
<pre class="line before"><span class="ws">                </span>response = self.full_dispatch_request()</pre>
<pre class="line before"><span class="ws">            </span>except Exception as e:</pre>
<pre class="line before"><span class="ws">                </span>error = e</pre>
<pre class="line current"><span class="ws">                </span>response = self.handle_exception(e)
<span class="ws">                </span>           ^^^^^^^^^^^^^^^^^^^^^^^^</pre>
<pre class="line after"><span class="ws">            </span>except:  # noqa: B001</pre>
<pre class="line after"><span class="ws">                </span>error = sys.exc_info()[1]</pre>
<pre class="line after"><span class="ws">                </span>raise</pre>
<pre class="line after"><span class="ws">            </span>return response(environ, start_response)</pre>
<pre class="line after"><span class="ws">        </span>finally:</pre></div>
</div>

<li><div class="frame" id="frame-4378465552">
  <h4>File <cite class="filename">"/Users/nicolapoidomani/Desktop/otupy/venv/lib/python3.11/site-packages/flask/app.py"</cite>,
      line <em class="line">1473</em>,
      in <code class="function">wsgi_app</code></h4>
  <div class="source library"><pre class="line before"><span class="ws">        </span>ctx = self.request_context(environ)</pre>
<pre class="line before"><span class="ws">        </span>error: BaseException | None = None</pre>
<pre class="line before"><span class="ws">        </span>try:</pre>
<pre class="line before"><span class="ws">            </span>try:</pre>
<pre class="line before"><span class="ws">                </span>ctx.push()</pre>
<pre class="line current"><span class="ws">                </span>response = self.full_dispatch_request()
<span class="ws">                </span>           ^^^^^^^^^^^^^^^^^^^^^^^^^^^^</pre>
<pre class="line after"><span class="ws">            </span>except Exception as e:</pre>
<pre class="line after"><span class="ws">                </span>error = e</pre>
<pre class="line after"><span class="ws">                </span>response = self.handle_exception(e)</pre>
<pre class="line after"><span class="ws">            </span>except:  # noqa: B001</pre>
<pre class="line after"><span class="ws">                </span>error = sys.exc_info()[1]</pre></div>
</div>

<li><div class="frame" id="frame-4378465696">
  <h4>File <cite class="filename">"/Users/nicolapoidomani/Desktop/otupy/venv/lib/python3.11/site-packages/flask/app.py"</cite>,
      line <em class="line">882</em>,
      in <code class="function">full_dispatch_request</code></h4>
  <div class="source library"><pre class="line before"><span class="ws">            </span>request_started.send(self, _async_wrapper=self.ensure_sync)</pre>
<pre class="line before"><span class="ws">            </span>rv = self.preprocess_request()</pre>
<pre class="line before"><span class="ws">            </span>if rv is None:</pre>
<pre class="line before"><span class="ws">                </span>rv = self.dispatch_request()</pre>
<pre class="line before"><span class="ws">        </span>except Exception as e:</pre>
<pre class="line current"><span class="ws">            </span>rv = self.handle_user_exception(e)
<span class="ws">            </span>     ^^^^^^^^^^^^^^^^^^^^^^^^^^^^^</pre>
<pre class="line after"><span class="ws">        </span>return self.finalize_request(rv)</pre>
<pre class="line after"><span class="ws"></span> </pre>
<pre class="line after"><span class="ws">    </span>def finalize_request(</pre>
<pre class="line after"><span class="ws">        </span>self,</pre>
<pre class="line after"><span class="ws">        </span>rv: ft.ResponseReturnValue | HTTPException,</pre></div>
</div>

<li><div class="frame" id="frame-4378465840">
  <h4>File <cite class="filename">"/Users/nicolapoidomani/Desktop/otupy/venv/lib/python3.11/site-packages/flask/app.py"</cite>,
      line <em class="line">880</em>,
      in <code class="function">full_dispatch_request</code></h4>
  <div class="source library"><pre class="line before"><span class="ws"></span> </pre>
<pre class="line before"><span class="ws">        </span>try:</pre>
<pre class="line before"><span class="ws">            </span>request_started.send(self, _async_wrapper=self.ensure_sync)</pre>
<pre class="line before"><span class="ws">            </span>rv = self.preprocess_request()</pre>
<pre class="line before"><span class="ws">            </span>if rv is None:</pre>
<pre class="line current"><span class="ws">                </span>rv = self.dispatch_request()
<span class="ws">                </span>     ^^^^^^^^^^^^^^^^^^^^^^^</pre>
<pre class="line after"><span class="ws">        </span>except Exception as e:</pre>
<pre class="line after"><span class="ws">            </span>rv = self.handle_user_exception(e)</pre>
<pre class="line after"><span class="ws">        </span>return self.finalize_request(rv)</pre>
<pre class="line after"><span class="ws"></span> </pre>
<pre class="line after"><span class="ws">    </span>def finalize_request(</pre></div>
</div>

<li><div class="frame" id="frame-4378465984">
  <h4>File <cite class="filename">"/Users/nicolapoidomani/Desktop/otupy/venv/lib/python3.11/site-packages/flask/app.py"</cite>,
      line <em class="line">865</em>,
      in <code class="function">dispatch_request</code></h4>
  <div class="source library"><pre class="line before"><span class="ws">            </span>and req.method == &#34;OPTIONS&#34;</pre>
<pre class="line before"><span class="ws">        </span>):</pre>
<pre class="line before"><span class="ws">            </span>return self.make_default_options_response()</pre>
<pre class="line before"><span class="ws">        </span># otherwise dispatch to the handler for that endpoint</pre>
<pre class="line before"><span class="ws">        </span>view_args: dict[str, t.Any] = req.view_args  # type: ignore[assignment]</pre>
<pre class="line current"><span class="ws">        </span>return self.ensure_sync(self.view_functions[rule.endpoint])(**view_args)  # type: ignore[no-any-return]
<span class="ws">        </span>       ^^^^^^^^^^^^^^^^^^^^^^^^^^^^^^^^^^^^^^^^^^^^^^^^^^^^^^^^^^^^^^^^^</pre>
<pre class="line after"><span class="ws"></span> </pre>
<pre class="line after"><span class="ws">    </span>def full_dispatch_request(self) -&gt; Response:</pre>
<pre class="line after"><span class="ws">        </span>&#34;&#34;&#34;Dispatches the request and on top of that performs request</pre>
<pre class="line after"><span class="ws">        </span>pre and postprocessing as well as HTTP exception catching and</pre>
<pre class="line after"><span class="ws">        </span>error handling.</pre></div>
</div>

<li><div class="frame" id="frame-4378466128">
  <h4>File <cite class="filename">"/Users/nicolapoidomani/Desktop/otupy/src/otupy/transfers/http/http_transfer.py"</cite>,
      line <em class="line">264</em>,
      in <code class="function">_consumer</code></h4>
  <div class="source "><pre class="line before"><span class="ws">                </span>resp.encoder = encoder</pre>
<pre class="line before"><span class="ws">                </span>resp.status = oc2.StatusCode.INTERNALERROR</pre>
<pre class="line before"><span class="ws">                </span>resp.to = [str(request.remote_addr)]</pre>
<pre class="line before"><span class="ws">            </span>else:</pre>
<pre class="line before"><span class="ws">                </span>logger.info(&#34;Received command: %s&#34;, cmd)</pre>
<pre class="line current"><span class="ws">                </span>resp = callback(cmd, token=token)
<span class="ws">                </span>       ^^^^^^^^^^^^^^^^^^^^^^^^^^</pre>
<pre class="line after"><span class="ws"></span> </pre>
<pre class="line after"><span class="ws">            </span>logger.info(&#34;Got response: %s&#34;, resp)</pre>
<pre class="line after"><span class="ws"></span> </pre>
<pre class="line after"><span class="ws">            </span># TODO: Set HTTP headers as appropriate</pre>
<pre class="line after"><span class="ws">            </span>hdrs, data = server._respond(resp, encoder)</pre></div>
</div>
</ul>
  <blockquote>TypeError: Consumer.dispatch() got an unexpected keyword argument &#39;token&#39;
</blockquote>
</div>

<div class="plain">
    <p>
      This is the Copy/Paste friendly version of the traceback.
    </p>
    <textarea cols="50" rows="10" name="code" readonly>Traceback (most recent call last):
  File &#34;/Users/nicolapoidomani/Desktop/otupy/venv/lib/python3.11/site-packages/flask/app.py&#34;, line 1498, in __call__
    return self.wsgi_app(environ, start_response)
           ^^^^^^^^^^^^^^^^^^^^^^^^^^^^^^^^^^^^^^
  File &#34;/Users/nicolapoidomani/Desktop/otupy/venv/lib/python3.11/site-packages/flask/app.py&#34;, line 1476, in wsgi_app
    response = self.handle_exception(e)
               ^^^^^^^^^^^^^^^^^^^^^^^^
  File &#34;/Users/nicolapoidomani/Desktop/otupy/venv/lib/python3.11/site-packages/flask/app.py&#34;, line 1473, in wsgi_app
    response = self.full_dispatch_request()
               ^^^^^^^^^^^^^^^^^^^^^^^^^^^^
  File &#34;/Users/nicolapoidomani/Desktop/otupy/venv/lib/python3.11/site-packages/flask/app.py&#34;, line 882, in full_dispatch_request
    rv = self.handle_user_exception(e)
         ^^^^^^^^^^^^^^^^^^^^^^^^^^^^^
  File &#34;/Users/nicolapoidomani/Desktop/otupy/venv/lib/python3.11/site-packages/flask/app.py&#34;, line 880, in full_dispatch_request
    rv = self.dispatch_request()
         ^^^^^^^^^^^^^^^^^^^^^^^
  File &#34;/Users/nicolapoidomani/Desktop/otupy/venv/lib/python3.11/site-packages/flask/app.py&#34;, line 865, in dispatch_request
    return self.ensure_sync(self.view_functions[rule.endpoint])(**view_args)  # type: ignore[no-any-return]
           ^^^^^^^^^^^^^^^^^^^^^^^^^^^^^^^^^^^^^^^^^^^^^^^^^^^^^^^^^^^^^^^^^^^^^^^^^^^^^^^^^^^^^^^^^^^^^^^^
  File &#34;/Users/nicolapoidomani/Desktop/otupy/src/otupy/transfers/http/http_transfer.py&#34;, line 264, in _consumer
    resp = callback(cmd, token=token)
           ^^^^^^^^^^^^^^^^^^^^^^^^^^
TypeError: Consumer.dispatch() got an unexpected keyword argument &#39;token&#39;
</textarea>
</div>
<div class="explanation">
  The debugger caught an exception in your WSGI application.  You can now
  look at the traceback which led to the error.  <span class="nojavascript">
  If you enable JavaScript you can also use additional features such as code
  execution (if the evalex feature is enabled), automatic pasting of the
  exceptions and much more.</span>
</div>
      <div class="footer">
        Brought to you by <strong class="arthur">DON'T PANIC</strong>, your
        friendly Werkzeug powered traceback interpreter.
      </div>
    </div>

    <div class="pin-prompt">
      <div class="inner">
        <h3>Console Locked</h3>
        <p>
          The console is locked and needs to be unlocked by entering the PIN.
          You can find the PIN printed out on the standard output of your
          shell that runs the server.
        <form>
          <p>PIN:
            <input type=text name=pin size=14>
            <input type=submit name=btn value="Confirm Pin">
        </form>
      </div>
    </div>
  </body>
</html>

<!--

Traceback (most recent call last):
  File "/Users/nicolapoidomani/Desktop/otupy/venv/lib/python3.11/site-packages/flask/app.py", line 1498, in __call__
    return self.wsgi_app(environ, start_response)
           ^^^^^^^^^^^^^^^^^^^^^^^^^^^^^^^^^^^^^^
  File "/Users/nicolapoidomani/Desktop/otupy/venv/lib/python3.11/site-packages/flask/app.py", line 1476, in wsgi_app
    response = self.handle_exception(e)
               ^^^^^^^^^^^^^^^^^^^^^^^^
  File "/Users/nicolapoidomani/Desktop/otupy/venv/lib/python3.11/site-packages/flask/app.py", line 1473, in wsgi_app
    response = self.full_dispatch_request()
               ^^^^^^^^^^^^^^^^^^^^^^^^^^^^
  File "/Users/nicolapoidomani/Desktop/otupy/venv/lib/python3.11/site-packages/flask/app.py", line 882, in full_dispatch_request
    rv = self.handle_user_exception(e)
         ^^^^^^^^^^^^^^^^^^^^^^^^^^^^^
  File "/Users/nicolapoidomani/Desktop/otupy/venv/lib/python3.11/site-packages/flask/app.py", line 880, in full_dispatch_request
    rv = self.dispatch_request()
         ^^^^^^^^^^^^^^^^^^^^^^^
  File "/Users/nicolapoidomani/Desktop/otupy/venv/lib/python3.11/site-packages/flask/app.py", line 865, in dispatch_request
    return self.ensure_sync(self.view_functions[rule.endpoint])(**view_args)  # type: ignore[no-any-return]
           ^^^^^^^^^^^^^^^^^^^^^^^^^^^^^^^^^^^^^^^^^^^^^^^^^^^^^^^^^^^^^^^^^^^^^^^^^^^^^^^^^^^^^^^^^^^^^^^^
  File "/Users/nicolapoidomani/Desktop/otupy/src/otupy/transfers/http/http_transfer.py", line 264, in _consumer
    resp = callback(cmd, token=token)
           ^^^^^^^^^^^^^^^^^^^^^^^^^^
TypeError: Consumer.dispatch() got an unexpected keyword argument 'token'


-->

1751644391.660236 [[38;5;42m  INFO  [0m]root: Creating Producer
1751644391.661520 [[38;5;42m  INFO  [0m]root: Sending command: Command(action=query, target=[<Feature.versions: 1>, <Feature.profiles: 2>, <Feature.pairs: 3>], args={'response_requested': <ResponseType.complete: 3>, 'direction': <Direction.ingress: 2>}, actuator=slpf(hostname:firewall,named_group:firewalls,asset_id:iptables), command_id=None)
1751644391.663862 [[38;5;42m  INFO  [0m]otupy.transfers.http.http_transfer: Sending to http://127.0.0.1:8080/.well-known/openc2
1751644391.664060 [[38;5;42m  INFO  [0m]otupy.transfers.http.http_transfer: HTTP Request Content:
{
   "headers": {
      "request_id": "768e9f85-8bd5-4bd5-9ba6-8c31af6ea26a",
      "created": 1751644391661,
      "from": "producer.example.net",
      "to": [
         "127.0.0.1"
      ]
   },
   "body": {
      "openc2": {
         "request": {
            "action": "query",
            "target": {
               "features": [
                  "versions",
                  "profiles",
                  "pairs"
               ]
            },
            "args": {
               "slpf": {
                  "direction": "ingress"
               },
               "response_requested": "complete"
            },
            "actuator": {
               "slpf": {
                  "hostname": "firewall",
                  "named_group": "firewalls",
                  "asset_id": "iptables"
               }
            }
         }
      }
   }
}
1751644391.687798 [[38;5;42m  INFO  [0m]otupy.transfers.http.http_transfer: HTTP got response: <Response [500]>
1751644391.687985 [[38;5;42m  INFO  [0m]otupy.transfers.http.http_transfer: HTTP Response Content:
<!doctype html>
<html lang=en>
  <head>
    <title>TypeError: Consumer.dispatch() got an unexpected keyword argument &#39;token&#39;
 // Werkzeug Debugger</title>
    <link rel="stylesheet" href="?__debugger__=yes&amp;cmd=resource&amp;f=style.css">
    <link rel="shortcut icon"
        href="?__debugger__=yes&amp;cmd=resource&amp;f=console.png">
    <script src="?__debugger__=yes&amp;cmd=resource&amp;f=debugger.js"></script>
    <script>
      var CONSOLE_MODE = false,
          EVALEX = true,
          EVALEX_TRUSTED = false,
          SECRET = "21BN0FwurojBeCh5mPUJ";
    </script>
  </head>
  <body style="background-color: #fff">
    <div class="debugger">
<h1>TypeError</h1>
<div class="detail">
  <p class="errormsg">TypeError: Consumer.dispatch() got an unexpected keyword argument &#39;token&#39;
</p>
</div>
<h2 class="traceback">Traceback <em>(most recent call last)</em></h2>
<div class="traceback">
  <h3></h3>
  <ul><li><div class="frame" id="frame-4369286192">
  <h4>File <cite class="filename">"/Users/nicolapoidomani/Desktop/otupy/venv/lib/python3.11/site-packages/flask/app.py"</cite>,
      line <em class="line">1498</em>,
      in <code class="function">__call__</code></h4>
  <div class="source library"><pre class="line before"><span class="ws">    </span>) -&gt; cabc.Iterable[bytes]:</pre>
<pre class="line before"><span class="ws">        </span>&#34;&#34;&#34;The WSGI server calls the Flask application object as the</pre>
<pre class="line before"><span class="ws">        </span>WSGI application. This calls :meth:`wsgi_app`, which can be</pre>
<pre class="line before"><span class="ws">        </span>wrapped to apply middleware.</pre>
<pre class="line before"><span class="ws">        </span>&#34;&#34;&#34;</pre>
<pre class="line current"><span class="ws">        </span>return self.wsgi_app(environ, start_response)
<span class="ws">        </span>       ^^^^^^^^^^^^^^^^^^^^^^^^^^^^^^^^^^^^^^</pre></div>
</div>

<li><div class="frame" id="frame-4369290368">
  <h4>File <cite class="filename">"/Users/nicolapoidomani/Desktop/otupy/venv/lib/python3.11/site-packages/flask/app.py"</cite>,
      line <em class="line">1476</em>,
      in <code class="function">wsgi_app</code></h4>
  <div class="source library"><pre class="line before"><span class="ws">            </span>try:</pre>
<pre class="line before"><span class="ws">                </span>ctx.push()</pre>
<pre class="line before"><span class="ws">                </span>response = self.full_dispatch_request()</pre>
<pre class="line before"><span class="ws">            </span>except Exception as e:</pre>
<pre class="line before"><span class="ws">                </span>error = e</pre>
<pre class="line current"><span class="ws">                </span>response = self.handle_exception(e)
<span class="ws">                </span>           ^^^^^^^^^^^^^^^^^^^^^^^^</pre>
<pre class="line after"><span class="ws">            </span>except:  # noqa: B001</pre>
<pre class="line after"><span class="ws">                </span>error = sys.exc_info()[1]</pre>
<pre class="line after"><span class="ws">                </span>raise</pre>
<pre class="line after"><span class="ws">            </span>return response(environ, start_response)</pre>
<pre class="line after"><span class="ws">        </span>finally:</pre></div>
</div>

<li><div class="frame" id="frame-4369290512">
  <h4>File <cite class="filename">"/Users/nicolapoidomani/Desktop/otupy/venv/lib/python3.11/site-packages/flask/app.py"</cite>,
      line <em class="line">1473</em>,
      in <code class="function">wsgi_app</code></h4>
  <div class="source library"><pre class="line before"><span class="ws">        </span>ctx = self.request_context(environ)</pre>
<pre class="line before"><span class="ws">        </span>error: BaseException | None = None</pre>
<pre class="line before"><span class="ws">        </span>try:</pre>
<pre class="line before"><span class="ws">            </span>try:</pre>
<pre class="line before"><span class="ws">                </span>ctx.push()</pre>
<pre class="line current"><span class="ws">                </span>response = self.full_dispatch_request()
<span class="ws">                </span>           ^^^^^^^^^^^^^^^^^^^^^^^^^^^^</pre>
<pre class="line after"><span class="ws">            </span>except Exception as e:</pre>
<pre class="line after"><span class="ws">                </span>error = e</pre>
<pre class="line after"><span class="ws">                </span>response = self.handle_exception(e)</pre>
<pre class="line after"><span class="ws">            </span>except:  # noqa: B001</pre>
<pre class="line after"><span class="ws">                </span>error = sys.exc_info()[1]</pre></div>
</div>

<li><div class="frame" id="frame-4369290656">
  <h4>File <cite class="filename">"/Users/nicolapoidomani/Desktop/otupy/venv/lib/python3.11/site-packages/flask/app.py"</cite>,
      line <em class="line">882</em>,
      in <code class="function">full_dispatch_request</code></h4>
  <div class="source library"><pre class="line before"><span class="ws">            </span>request_started.send(self, _async_wrapper=self.ensure_sync)</pre>
<pre class="line before"><span class="ws">            </span>rv = self.preprocess_request()</pre>
<pre class="line before"><span class="ws">            </span>if rv is None:</pre>
<pre class="line before"><span class="ws">                </span>rv = self.dispatch_request()</pre>
<pre class="line before"><span class="ws">        </span>except Exception as e:</pre>
<pre class="line current"><span class="ws">            </span>rv = self.handle_user_exception(e)
<span class="ws">            </span>     ^^^^^^^^^^^^^^^^^^^^^^^^^^^^^</pre>
<pre class="line after"><span class="ws">        </span>return self.finalize_request(rv)</pre>
<pre class="line after"><span class="ws"></span> </pre>
<pre class="line after"><span class="ws">    </span>def finalize_request(</pre>
<pre class="line after"><span class="ws">        </span>self,</pre>
<pre class="line after"><span class="ws">        </span>rv: ft.ResponseReturnValue | HTTPException,</pre></div>
</div>

<li><div class="frame" id="frame-4369290800">
  <h4>File <cite class="filename">"/Users/nicolapoidomani/Desktop/otupy/venv/lib/python3.11/site-packages/flask/app.py"</cite>,
      line <em class="line">880</em>,
      in <code class="function">full_dispatch_request</code></h4>
  <div class="source library"><pre class="line before"><span class="ws"></span> </pre>
<pre class="line before"><span class="ws">        </span>try:</pre>
<pre class="line before"><span class="ws">            </span>request_started.send(self, _async_wrapper=self.ensure_sync)</pre>
<pre class="line before"><span class="ws">            </span>rv = self.preprocess_request()</pre>
<pre class="line before"><span class="ws">            </span>if rv is None:</pre>
<pre class="line current"><span class="ws">                </span>rv = self.dispatch_request()
<span class="ws">                </span>     ^^^^^^^^^^^^^^^^^^^^^^^</pre>
<pre class="line after"><span class="ws">        </span>except Exception as e:</pre>
<pre class="line after"><span class="ws">            </span>rv = self.handle_user_exception(e)</pre>
<pre class="line after"><span class="ws">        </span>return self.finalize_request(rv)</pre>
<pre class="line after"><span class="ws"></span> </pre>
<pre class="line after"><span class="ws">    </span>def finalize_request(</pre></div>
</div>

<li><div class="frame" id="frame-4369290944">
  <h4>File <cite class="filename">"/Users/nicolapoidomani/Desktop/otupy/venv/lib/python3.11/site-packages/flask/app.py"</cite>,
      line <em class="line">865</em>,
      in <code class="function">dispatch_request</code></h4>
  <div class="source library"><pre class="line before"><span class="ws">            </span>and req.method == &#34;OPTIONS&#34;</pre>
<pre class="line before"><span class="ws">        </span>):</pre>
<pre class="line before"><span class="ws">            </span>return self.make_default_options_response()</pre>
<pre class="line before"><span class="ws">        </span># otherwise dispatch to the handler for that endpoint</pre>
<pre class="line before"><span class="ws">        </span>view_args: dict[str, t.Any] = req.view_args  # type: ignore[assignment]</pre>
<pre class="line current"><span class="ws">        </span>return self.ensure_sync(self.view_functions[rule.endpoint])(**view_args)  # type: ignore[no-any-return]
<span class="ws">        </span>       ^^^^^^^^^^^^^^^^^^^^^^^^^^^^^^^^^^^^^^^^^^^^^^^^^^^^^^^^^^^^^^^^^</pre>
<pre class="line after"><span class="ws"></span> </pre>
<pre class="line after"><span class="ws">    </span>def full_dispatch_request(self) -&gt; Response:</pre>
<pre class="line after"><span class="ws">        </span>&#34;&#34;&#34;Dispatches the request and on top of that performs request</pre>
<pre class="line after"><span class="ws">        </span>pre and postprocessing as well as HTTP exception catching and</pre>
<pre class="line after"><span class="ws">        </span>error handling.</pre></div>
</div>

<li><div class="frame" id="frame-4369291088">
  <h4>File <cite class="filename">"/Users/nicolapoidomani/Desktop/otupy/src/otupy/transfers/http/http_transfer.py"</cite>,
      line <em class="line">264</em>,
      in <code class="function">_consumer</code></h4>
  <div class="source "><pre class="line before"><span class="ws">                </span>resp.encoder = encoder</pre>
<pre class="line before"><span class="ws">                </span>resp.status = oc2.StatusCode.INTERNALERROR</pre>
<pre class="line before"><span class="ws">                </span>resp.to = [str(request.remote_addr)]</pre>
<pre class="line before"><span class="ws">            </span>else:</pre>
<pre class="line before"><span class="ws">                </span>logger.info(&#34;Received command: %s&#34;, cmd)</pre>
<pre class="line current"><span class="ws">                </span>resp = callback(cmd, token=token)
<span class="ws">                </span>       ^^^^^^^^^^^^^^^^^^^^^^^^^^</pre>
<pre class="line after"><span class="ws"></span> </pre>
<pre class="line after"><span class="ws">            </span>logger.info(&#34;Got response: %s&#34;, resp)</pre>
<pre class="line after"><span class="ws"></span> </pre>
<pre class="line after"><span class="ws">            </span># TODO: Set HTTP headers as appropriate</pre>
<pre class="line after"><span class="ws">            </span>hdrs, data = server._respond(resp, encoder)</pre></div>
</div>
</ul>
  <blockquote>TypeError: Consumer.dispatch() got an unexpected keyword argument &#39;token&#39;
</blockquote>
</div>

<div class="plain">
    <p>
      This is the Copy/Paste friendly version of the traceback.
    </p>
    <textarea cols="50" rows="10" name="code" readonly>Traceback (most recent call last):
  File &#34;/Users/nicolapoidomani/Desktop/otupy/venv/lib/python3.11/site-packages/flask/app.py&#34;, line 1498, in __call__
    return self.wsgi_app(environ, start_response)
           ^^^^^^^^^^^^^^^^^^^^^^^^^^^^^^^^^^^^^^
  File &#34;/Users/nicolapoidomani/Desktop/otupy/venv/lib/python3.11/site-packages/flask/app.py&#34;, line 1476, in wsgi_app
    response = self.handle_exception(e)
               ^^^^^^^^^^^^^^^^^^^^^^^^
  File &#34;/Users/nicolapoidomani/Desktop/otupy/venv/lib/python3.11/site-packages/flask/app.py&#34;, line 1473, in wsgi_app
    response = self.full_dispatch_request()
               ^^^^^^^^^^^^^^^^^^^^^^^^^^^^
  File &#34;/Users/nicolapoidomani/Desktop/otupy/venv/lib/python3.11/site-packages/flask/app.py&#34;, line 882, in full_dispatch_request
    rv = self.handle_user_exception(e)
         ^^^^^^^^^^^^^^^^^^^^^^^^^^^^^
  File &#34;/Users/nicolapoidomani/Desktop/otupy/venv/lib/python3.11/site-packages/flask/app.py&#34;, line 880, in full_dispatch_request
    rv = self.dispatch_request()
         ^^^^^^^^^^^^^^^^^^^^^^^
  File &#34;/Users/nicolapoidomani/Desktop/otupy/venv/lib/python3.11/site-packages/flask/app.py&#34;, line 865, in dispatch_request
    return self.ensure_sync(self.view_functions[rule.endpoint])(**view_args)  # type: ignore[no-any-return]
           ^^^^^^^^^^^^^^^^^^^^^^^^^^^^^^^^^^^^^^^^^^^^^^^^^^^^^^^^^^^^^^^^^^^^^^^^^^^^^^^^^^^^^^^^^^^^^^^^
  File &#34;/Users/nicolapoidomani/Desktop/otupy/src/otupy/transfers/http/http_transfer.py&#34;, line 264, in _consumer
    resp = callback(cmd, token=token)
           ^^^^^^^^^^^^^^^^^^^^^^^^^^
TypeError: Consumer.dispatch() got an unexpected keyword argument &#39;token&#39;
</textarea>
</div>
<div class="explanation">
  The debugger caught an exception in your WSGI application.  You can now
  look at the traceback which led to the error.  <span class="nojavascript">
  If you enable JavaScript you can also use additional features such as code
  execution (if the evalex feature is enabled), automatic pasting of the
  exceptions and much more.</span>
</div>
      <div class="footer">
        Brought to you by <strong class="arthur">DON'T PANIC</strong>, your
        friendly Werkzeug powered traceback interpreter.
      </div>
    </div>

    <div class="pin-prompt">
      <div class="inner">
        <h3>Console Locked</h3>
        <p>
          The console is locked and needs to be unlocked by entering the PIN.
          You can find the PIN printed out on the standard output of your
          shell that runs the server.
        <form>
          <p>PIN:
            <input type=text name=pin size=14>
            <input type=submit name=btn value="Confirm Pin">
        </form>
      </div>
    </div>
  </body>
</html>

<!--

Traceback (most recent call last):
  File "/Users/nicolapoidomani/Desktop/otupy/venv/lib/python3.11/site-packages/flask/app.py", line 1498, in __call__
    return self.wsgi_app(environ, start_response)
           ^^^^^^^^^^^^^^^^^^^^^^^^^^^^^^^^^^^^^^
  File "/Users/nicolapoidomani/Desktop/otupy/venv/lib/python3.11/site-packages/flask/app.py", line 1476, in wsgi_app
    response = self.handle_exception(e)
               ^^^^^^^^^^^^^^^^^^^^^^^^
  File "/Users/nicolapoidomani/Desktop/otupy/venv/lib/python3.11/site-packages/flask/app.py", line 1473, in wsgi_app
    response = self.full_dispatch_request()
               ^^^^^^^^^^^^^^^^^^^^^^^^^^^^
  File "/Users/nicolapoidomani/Desktop/otupy/venv/lib/python3.11/site-packages/flask/app.py", line 882, in full_dispatch_request
    rv = self.handle_user_exception(e)
         ^^^^^^^^^^^^^^^^^^^^^^^^^^^^^
  File "/Users/nicolapoidomani/Desktop/otupy/venv/lib/python3.11/site-packages/flask/app.py", line 880, in full_dispatch_request
    rv = self.dispatch_request()
         ^^^^^^^^^^^^^^^^^^^^^^^
  File "/Users/nicolapoidomani/Desktop/otupy/venv/lib/python3.11/site-packages/flask/app.py", line 865, in dispatch_request
    return self.ensure_sync(self.view_functions[rule.endpoint])(**view_args)  # type: ignore[no-any-return]
           ^^^^^^^^^^^^^^^^^^^^^^^^^^^^^^^^^^^^^^^^^^^^^^^^^^^^^^^^^^^^^^^^^^^^^^^^^^^^^^^^^^^^^^^^^^^^^^^^
  File "/Users/nicolapoidomani/Desktop/otupy/src/otupy/transfers/http/http_transfer.py", line 264, in _consumer
    resp = callback(cmd, token=token)
           ^^^^^^^^^^^^^^^^^^^^^^^^^^
TypeError: Consumer.dispatch() got an unexpected keyword argument 'token'


-->

1753972995.235545 [[38;5;42m  INFO  [0m]root: Creating Producer
1753972995.237145 [[38;5;42m  INFO  [0m]root: Sending command: Command(action=query, target=[<Feature.versions: 1>, <Feature.profiles: 2>, <Feature.pairs: 3>], args={'response_requested': <ResponseType.complete: 3>, 'direction': <Direction.ingress: 2>}, actuator=slpf(hostname:firewall,named_group:firewalls,asset_id:iptables), command_id=None)
1753973104.708826 [[38;5;42m  INFO  [0m]otupy.transfers.http.http_transfer: Sending to http://127.0.0.1:8080/.well-known/openc2
1753973104.711268 [[38;5;42m  INFO  [0m]otupy.transfers.http.http_transfer: HTTP Request Content:
{
   "headers": {
      "request_id": "00519b3c-d30f-4ab9-a6b6-13418da5cf58",
      "created": 1753973055243,
      "from": "producer.example.net",
      "to": [
         "127.0.0.1"
      ]
   },
   "body": {
      "openc2": {
         "request": {
            "action": "query",
            "target": {
               "features": [
                  "versions",
                  "profiles",
                  "pairs"
               ]
            },
            "args": {
               "slpf": {
                  "direction": "ingress"
               },
               "response_requested": "complete"
            },
            "actuator": {
               "slpf": {
                  "hostname": "firewall",
                  "named_group": "firewalls",
                  "asset_id": "iptables"
               }
            }
         }
      }
   }
}
1753973224.395352 [[38;5;42m  INFO  [0m]root: Creating Producer
1753973224.396169 [[38;5;42m  INFO  [0m]root: Sending command: Command(action=query, target=[<Feature.versions: 1>, <Feature.profiles: 2>, <Feature.pairs: 3>], args={'response_requested': <ResponseType.complete: 3>, 'direction': <Direction.ingress: 2>}, actuator=slpf(hostname:firewall,named_group:firewalls,asset_id:iptables), command_id=None)
1753973224.397172 [[38;5;42m  INFO  [0m]otupy.transfers.http.http_transfer: Sending to http://127.0.0.1:8080/.well-known/openc2
1753973224.397391 [[38;5;42m  INFO  [0m]otupy.transfers.http.http_transfer: HTTP Request Content:
{
   "headers": {
      "request_id": "a615a9b7-6338-4411-8887-04ab53266e66",
      "created": 1753973224396,
      "from": "producer.example.net",
      "to": [
         "127.0.0.1"
      ]
   },
   "body": {
      "openc2": {
         "request": {
            "action": "query",
            "target": {
               "features": [
                  "versions",
                  "profiles",
                  "pairs"
               ]
            },
            "args": {
               "slpf": {
                  "direction": "ingress"
               },
               "response_requested": "complete"
            },
            "actuator": {
               "slpf": {
                  "hostname": "firewall",
                  "named_group": "firewalls",
                  "asset_id": "iptables"
               }
            }
         }
      }
   }
}
1753973224.413259 [[38;5;42m  INFO  [0m]otupy.transfers.http.http_transfer: HTTP got response: <Response [501]>
1753973224.415646 [[38;5;42m  INFO  [0m]otupy.transfers.http.http_transfer: HTTP Response Content:
{
   "headers": {
      "request_id": "a615a9b7-6338-4411-8887-04ab53266e66",
      "created": 1753973224411,
      "from": "testconsumer",
      "to": [
         "producer.example.net"
      ]
   },
   "body": {
      "openc2": {
         "response": {
            "status": 501,
            "status_text": "Option not supported"
         }
      }
   }
}
1753973224.416404 [[38;5;42m  INFO  [0m]root: Got response: Message(content={'status': <StatusCode.NOTIMPLEMENTED: 501>, 'status_text': 'Option not supported'}, content_type='openc2', msg_type=<MessageType.response: 2>, status=<StatusCode.NOTIMPLEMENTED: 501>, request_id='a615a9b7-6338-4411-8887-04ab53266e66', created=1753973224411, from_='testconsumer', to=['producer.example.net'], version='1.0', encoding=<class 'otupy.encoders.json.JSONEncoder'>)
1753973260.982640 [[38;5;42m  INFO  [0m]root: Creating Producer
1753973260.983793 [[38;5;42m  INFO  [0m]root: Sending command: Command(action=query, target=[<Feature.versions: 1>, <Feature.profiles: 2>, <Feature.pairs: 3>], args={'response_requested': <ResponseType.complete: 3>, 'direction': <Direction.ingress: 2>}, actuator=slpf(hostname:firewall,named_group:firewalls,asset_id:iptables), command_id=None)
