1761565310.267312 [[38;5;42m  INFO  [0m]root: Creating Producer
1761565310.267489 [[38;5;42m  INFO  [0m]root: Sending command: Command(action=allow, target=IPv4Connection(src=192.168.0.201/32, dst=192.168.0.202/32, protocol=tcp, src_port=80, st_port=None), args={'response_requested': <ResponseType.complete: 3>, 'direction': <Direction.ingress: 2>}, actuator=slpf(asset_id:openstack), command_id=None)
1761565310.267705 [[38;5;42m  INFO  [0m]otupy.transfers.http.http_transfer: Sending to http://127.0.0.1:8080/.well-known/openc2
1761565310.267765 [[38;5;42m  INFO  [0m]otupy.transfers.http.http_transfer: HTTP Request Content:
{
   "headers": {
      "request_id": "694c3644-07af-49a3-9e55-488f8c439816",
      "created": 1761565310267,
      "from": "producer.example.net",
      "to": [
         "127.0.0.1"
      ]
   },
   "body": {
      "openc2": {
         "request": {
            "action": "allow",
            "target": {
               "ipv4_connection": {
                  "src_addr": "192.168.0.201/32",
                  "src_port": 80,
                  "dst_addr": "192.168.0.202/32",
                  "protocol": "tcp"
               }
            },
            "args": {
               "slpf": {
                  "direction": "ingress"
               },
               "response_requested": "complete"
            },
            "actuator": {
               "slpf": {
                  "asset_id": "openstack"
               }
            }
         }
      }
   }
}
1761565312.328340 [[38;5;42m  INFO  [0m]otupy.transfers.http.http_transfer: HTTP got response: <Response [200]>
1761565312.331948 [[38;5;42m  INFO  [0m]otupy.transfers.http.http_transfer: HTTP Response Content:
{
   "headers": {
      "request_id": "694c3644-07af-49a3-9e55-488f8c439816",
      "created": 1761565312327,
      "from": "testconsumer",
      "to": [
         "producer.example.net"
      ]
   },
   "body": {
      "openc2": {
         "response": {
            "status": 200,
            "status_text": "OK",
            "results": {
               "slpf": {
                  "rule_number": 1
               }
            }
         }
      }
   }
}
1761565312.332231 [[38;5;42m  INFO  [0m]root: Got response: Message(content={'status': <StatusCode.OK: 200>, 'status_text': 'OK', 'results': {'rule_number': 1}}, content_type='openc2', msg_type=<MessageType.response: 2>, status=<StatusCode.OK: 200>, request_id='694c3644-07af-49a3-9e55-488f8c439816', created=1761565312327, from_='testconsumer', to=['producer.example.net'], version='1.0', encoding=<class 'otupy.encoders.json.JSONEncoder'>)
1761578119.926113 [[38;5;42m  INFO  [0m]root: Creating Producer
1761578119.926272 [[38;5;42m  INFO  [0m]root: Sending command: Command(action=delete, target=1, args={'response_requested': <ResponseType.complete: 3>}, actuator=slpf(asset_id:openstack), command_id=None)
1761578119.926433 [[38;5;42m  INFO  [0m]otupy.transfers.http.http_transfer: Sending to http://127.0.0.1:8080/.well-known/openc2
1761578119.926496 [[38;5;42m  INFO  [0m]otupy.transfers.http.http_transfer: HTTP Request Content:
{
   "headers": {
      "request_id": "b7b63fb3-de2a-4f2a-8ae9-4ac496d79f82",
      "created": 1761578119926,
      "from": "producer.example.net",
      "to": [
         "127.0.0.1"
      ]
   },
   "body": {
      "openc2": {
         "request": {
            "action": "delete",
            "target": {
               "slpf:rule_number": 1
            },
            "args": {
               "response_requested": "complete"
            },
            "actuator": {
               "slpf": {
                  "asset_id": "openstack"
               }
            }
         }
      }
   }
}
1761578119.932075 [[38;5;42m  INFO  [0m]otupy.transfers.http.http_transfer: HTTP got response: <Response [200]>
1761578119.932786 [[38;5;42m  INFO  [0m]otupy.transfers.http.http_transfer: HTTP Response Content:
{
   "headers": {
      "request_id": "b7b63fb3-de2a-4f2a-8ae9-4ac496d79f82",
      "created": 1761578119928,
      "from": "testconsumer",
      "to": [
         "producer.example.net"
      ]
   },
   "body": {
      "openc2": {
         "response": {
            "status": 200,
            "status_text": "OK"
         }
      }
   }
}
1761578119.933051 [[38;5;42m  INFO  [0m]root: Got response: Message(content={'status': <StatusCode.OK: 200>, 'status_text': 'OK'}, content_type='openc2', msg_type=<MessageType.response: 2>, status=<StatusCode.OK: 200>, request_id='b7b63fb3-de2a-4f2a-8ae9-4ac496d79f82', created=1761578119928, from_='testconsumer', to=['producer.example.net'], version='1.0', encoding=<class 'otupy.encoders.json.JSONEncoder'>)
1761578391.518137 [[38;5;42m  INFO  [0m]root: Creating Producer
1761578391.518329 [[38;5;42m  INFO  [0m]root: Sending command: Command(action=allow, target=IPv4Connection(src=10.17.1.25/32, dst=10.17.2.26/32, protocol=tcp, src_port=80, st_port=None), args={'response_requested': <ResponseType.complete: 3>, 'direction': <Direction.ingress: 2>}, actuator=slpf(asset_id:kubernetes), command_id=None)
1761578391.518546 [[38;5;42m  INFO  [0m]otupy.transfers.http.http_transfer: Sending to http://127.0.0.1:8080/.well-known/openc2
1761578391.518605 [[38;5;42m  INFO  [0m]otupy.transfers.http.http_transfer: HTTP Request Content:
{
   "headers": {
      "request_id": "5aa4cf54-0af1-48d9-922b-eb766dd5ade8",
      "created": 1761578391518,
      "from": "producer.example.net",
      "to": [
         "127.0.0.1"
      ]
   },
   "body": {
      "openc2": {
         "request": {
            "action": "allow",
            "target": {
               "ipv4_connection": {
                  "src_addr": "10.17.1.25/32",
                  "src_port": 80,
                  "dst_addr": "10.17.2.26/32",
                  "protocol": "tcp"
               }
            },
            "args": {
               "slpf": {
                  "direction": "ingress"
               },
               "response_requested": "complete"
            },
            "actuator": {
               "slpf": {
                  "asset_id": "kubernetes"
               }
            }
         }
      }
   }
}
1761578391.759851 [[38;5;42m  INFO  [0m]otupy.transfers.http.http_transfer: HTTP got response: <Response [400]>
1761578391.760551 [[38;5;42m  INFO  [0m]otupy.transfers.http.http_transfer: HTTP Response Content:
{
   "headers": {
      "request_id": "5aa4cf54-0af1-48d9-922b-eb766dd5ade8",
      "created": 1761578391758,
      "from": "testconsumer",
      "to": [
         "producer.example.net"
      ]
   },
   "body": {
      "openc2": {
         "response": {
            "status": 400,
            "status_text": "No pod founded for ip address 10.17.2.26/32"
         }
      }
   }
}
1761578391.760818 [[38;5;42m  INFO  [0m]root: Got response: Message(content={'status': <StatusCode.BADREQUEST: 400>, 'status_text': 'No pod founded for ip address 10.17.2.26/32'}, content_type='openc2', msg_type=<MessageType.response: 2>, status=<StatusCode.BADREQUEST: 400>, request_id='5aa4cf54-0af1-48d9-922b-eb766dd5ade8', created=1761578391758, from_='testconsumer', to=['producer.example.net'], version='1.0', encoding=<class 'otupy.encoders.json.JSONEncoder'>)
1761578574.430594 [[38;5;42m  INFO  [0m]root: Creating Producer
1761578574.430777 [[38;5;42m  INFO  [0m]root: Sending command: Command(action=allow, target=IPv4Connection(src=10.17.1.62/32, dst=10.17.2.44/32, protocol=tcp, src_port=80, st_port=None), args={'response_requested': <ResponseType.complete: 3>, 'direction': <Direction.ingress: 2>}, actuator=slpf(asset_id:kubernetes), command_id=None)
1761578574.430996 [[38;5;42m  INFO  [0m]otupy.transfers.http.http_transfer: Sending to http://127.0.0.1:8080/.well-known/openc2
1761578574.431050 [[38;5;42m  INFO  [0m]otupy.transfers.http.http_transfer: HTTP Request Content:
{
   "headers": {
      "request_id": "da344c3f-5cd1-42e2-b4b6-983d2fb91d32",
      "created": 1761578574430,
      "from": "producer.example.net",
      "to": [
         "127.0.0.1"
      ]
   },
   "body": {
      "openc2": {
         "request": {
            "action": "allow",
            "target": {
               "ipv4_connection": {
                  "src_addr": "10.17.1.62/32",
                  "src_port": 80,
                  "dst_addr": "10.17.2.44/32",
                  "protocol": "tcp"
               }
            },
            "args": {
               "slpf": {
                  "direction": "ingress"
               },
               "response_requested": "complete"
            },
            "actuator": {
               "slpf": {
                  "asset_id": "kubernetes"
               }
            }
         }
      }
   }
}
1761578574.818945 [[38;5;42m  INFO  [0m]otupy.transfers.http.http_transfer: HTTP got response: <Response [200]>
1761578574.819687 [[38;5;42m  INFO  [0m]otupy.transfers.http.http_transfer: HTTP Response Content:
{
   "headers": {
      "request_id": "da344c3f-5cd1-42e2-b4b6-983d2fb91d32",
      "created": 1761578574817,
      "from": "testconsumer",
      "to": [
         "producer.example.net"
      ]
   },
   "body": {
      "openc2": {
         "response": {
            "status": 200,
            "status_text": "OK",
            "results": {
               "slpf": {
                  "rule_number": 1
               }
            }
         }
      }
   }
}
1761578574.819957 [[38;5;42m  INFO  [0m]root: Got response: Message(content={'status': <StatusCode.OK: 200>, 'status_text': 'OK', 'results': {'rule_number': 1}}, content_type='openc2', msg_type=<MessageType.response: 2>, status=<StatusCode.OK: 200>, request_id='da344c3f-5cd1-42e2-b4b6-983d2fb91d32', created=1761578574817, from_='testconsumer', to=['producer.example.net'], version='1.0', encoding=<class 'otupy.encoders.json.JSONEncoder'>)
1761578828.042185 [[38;5;42m  INFO  [0m]root: Creating Producer
1761578828.042325 [[38;5;42m  INFO  [0m]root: Sending command: Command(action=delete, target=1, args={'response_requested': <ResponseType.complete: 3>}, actuator=slpf(asset_id:kubernetes), command_id=None)
1761578828.042519 [[38;5;42m  INFO  [0m]otupy.transfers.http.http_transfer: Sending to http://127.0.0.1:8080/.well-known/openc2
1761578828.042614 [[38;5;42m  INFO  [0m]otupy.transfers.http.http_transfer: HTTP Request Content:
{
   "headers": {
      "request_id": "61eb1e47-5b0e-42e0-8d53-f3633ac9f045",
      "created": 1761578828042,
      "from": "producer.example.net",
      "to": [
         "127.0.0.1"
      ]
   },
   "body": {
      "openc2": {
         "request": {
            "action": "delete",
            "target": {
               "slpf:rule_number": 1
            },
            "args": {
               "response_requested": "complete"
            },
            "actuator": {
               "slpf": {
                  "asset_id": "kubernetes"
               }
            }
         }
      }
   }
}
1761578828.045966 [[38;5;42m  INFO  [0m]otupy.transfers.http.http_transfer: HTTP got response: <Response [200]>
1761578828.046613 [[38;5;42m  INFO  [0m]otupy.transfers.http.http_transfer: HTTP Response Content:
{
   "headers": {
      "request_id": "61eb1e47-5b0e-42e0-8d53-f3633ac9f045",
      "created": 1761578828045,
      "from": "testconsumer",
      "to": [
         "producer.example.net"
      ]
   },
   "body": {
      "openc2": {
         "response": {
            "status": 200,
            "status_text": "OK"
         }
      }
   }
}
1761578828.046848 [[38;5;42m  INFO  [0m]root: Got response: Message(content={'status': <StatusCode.OK: 200>, 'status_text': 'OK'}, content_type='openc2', msg_type=<MessageType.response: 2>, status=<StatusCode.OK: 200>, request_id='61eb1e47-5b0e-42e0-8d53-f3633ac9f045', created=1761578828045, from_='testconsumer', to=['producer.example.net'], version='1.0', encoding=<class 'otupy.encoders.json.JSONEncoder'>)
