1761476404.765490 [[38;5;42m  INFO  [0m]werkzeug: [31m[1mWARNING: This is a development server. Do not use it in a production deployment. Use a production WSGI server instead.[0m
 * Running on http://127.0.0.1:8080
1761476404.765606 [[38;5;42m  INFO  [0m]werkzeug: [33mPress CTRL+C to quit[0m
1761476404.765953 [[38;5;42m  INFO  [0m]werkzeug:  * Restarting with stat
1761476406.754632 [[38;5;42m  INFO  [0m]otupy.actuators.slpf.slpf_actuator_iptables: [IPTABLES] Creating personalized iptables chain INPUT_OC2
1761476406.766011 [[38;5;42m  INFO  [0m]otupy.actuators.slpf.slpf_actuator_iptables: [IPTABLES] Linking INPUT v4 chain to personalized INPUT_OC2 v4 chain
1761476406.775714 [[38;5;42m  INFO  [0m]otupy.actuators.slpf.slpf_actuator_iptables: [IPTABLES] Creating personalized iptables chain OUTPUT_OC2
1761476406.785672 [[38;5;42m  INFO  [0m]otupy.actuators.slpf.slpf_actuator_iptables: [IPTABLES] Linking OUTPUT v4 chain to personalized OUTPUT_OC2 v4 chain
1761476406.798309 [[38;5;42m  INFO  [0m]otupy.actuators.slpf.slpf_actuator_iptables: [IPTABLES] Creating personalized iptables chain FORWARD_OC2
1761476406.811508 [[38;5;42m  INFO  [0m]otupy.actuators.slpf.slpf_actuator_iptables: [IPTABLES] Linking FORWARD v4 chain to personalized FORWARD_OC2 v4 chain
1761476406.826437 [[38;5;42m  INFO  [0m]otupy.actuators.slpf.slpf_actuator_iptables: [IPTABLES] Creating personalized ip6tables chain INPUT_OC2
1761476406.839830 [[38;5;42m  INFO  [0m]otupy.actuators.slpf.slpf_actuator_iptables: [IPTABLES] Linking INPUT v6 chain to personalized INPUT_OC2 v6 chain
1761476406.853273 [[38;5;42m  INFO  [0m]otupy.actuators.slpf.slpf_actuator_iptables: [IPTABLES] Creating personalized ip6tables chain OUTPUT_OC2
1761476406.864484 [[38;5;42m  INFO  [0m]otupy.actuators.slpf.slpf_actuator_iptables: [IPTABLES] Linking OUTPUT v6 chain to personalized OUTPUT_OC2 v6 chain
1761476406.878938 [[38;5;42m  INFO  [0m]otupy.actuators.slpf.slpf_actuator_iptables: [IPTABLES] Creating personalized ip6tables chain FORWARD_OC2
1761476406.891428 [[38;5;42m  INFO  [0m]otupy.actuators.slpf.slpf_actuator_iptables: [IPTABLES] Linking FORWARD v6 chain to personalized FORWARD_OC2 v6 chain
1761476406.898570 [[38;5;42m  INFO  [0m]otupy.actuators.slpf.slpf_actuator_iptables: [IPTABLES] Creating file iptables_rules.v4
1761476406.898776 [[38;5;42m  INFO  [0m]otupy.actuators.slpf.slpf_actuator_iptables: [IPTABLES] Creating file iptables_rules.v6
1761476406.898917 [[38;5;42m  INFO  [0m]otupy.actuators.slpf.slpf_actuator: [SLPF-iptables] Initializing database
1761476406.901778 [[38;5;42m  INFO  [0m]otupy.actuators.slpf.slpf_actuator: [SLPF-iptables] File mode
1761476406.901960 [[38;5;42m  INFO  [0m]otupy.actuators.slpf.slpf_actuator_iptables: [IPTABLES] Restoring iptables v4 rules
1761476406.908992 [[38;5;42m  INFO  [0m]otupy.actuators.slpf.slpf_actuator_iptables: [IPTABLES] Restoring iptables v6 rules
1761476406.917278 [[38;5;42m  INFO  [0m]otupy.actuators.slpf.slpf_actuator: [SLPF-iptables] Initializing scheduler
1761476406.924389 [[38;5;42m  INFO  [0m]apscheduler.scheduler: Scheduler started
1761476406.925232 [[38;5;42m  INFO  [0m]otupy.actuators.slpf.slpf_actuator: [SLPF-iptables] Initialization executed successfully
1761476417.826102 [[38;5;42m  INFO  [0m]otupy.actuators.slpf.slpf_actuator: [SLPF-iptables] Deleting non persistent commands
1761476417.826362 [[38;5;42m  INFO  [0m]otupy.actuators.slpf.slpf_actuator: [SLPF-iptables] File mode
1761476417.826639 [[38;5;42m  INFO  [0m]apscheduler.scheduler: Scheduler has been shut down
1761476417.826792 [[38;5;42m  INFO  [0m]otupy.actuators.slpf.slpf_actuator: [SLPF-iptables] Shutdown
1761565192.790291 [[38;5;42m  INFO  [0m]werkzeug: [31m[1mWARNING: This is a development server. Do not use it in a production deployment. Use a production WSGI server instead.[0m
 * Running on http://127.0.0.1:8080
1761565192.790639 [[38;5;42m  INFO  [0m]werkzeug: [33mPress CTRL+C to quit[0m
1761565192.791003 [[38;5;42m  INFO  [0m]werkzeug:  * Restarting with stat
1761565195.024199 [[38;5;42m  INFO  [0m]otupy.actuators.slpf.slpf_actuator_iptables: [IPTABLES] Creating personalized iptables chain INPUT_OC2
1761565195.035717 [[38;5;42m  INFO  [0m]otupy.actuators.slpf.slpf_actuator_iptables: [IPTABLES] Linking INPUT v4 chain to personalized INPUT_OC2 v4 chain
1761565195.044820 [[38;5;42m  INFO  [0m]otupy.actuators.slpf.slpf_actuator_iptables: [IPTABLES] Creating personalized iptables chain OUTPUT_OC2
1761565195.055989 [[38;5;42m  INFO  [0m]otupy.actuators.slpf.slpf_actuator_iptables: [IPTABLES] Linking OUTPUT v4 chain to personalized OUTPUT_OC2 v4 chain
1761565195.066924 [[38;5;42m  INFO  [0m]otupy.actuators.slpf.slpf_actuator_iptables: [IPTABLES] Creating personalized iptables chain FORWARD_OC2
1761565195.079792 [[38;5;42m  INFO  [0m]otupy.actuators.slpf.slpf_actuator_iptables: [IPTABLES] Linking FORWARD v4 chain to personalized FORWARD_OC2 v4 chain
1761565195.091209 [[38;5;42m  INFO  [0m]otupy.actuators.slpf.slpf_actuator_iptables: [IPTABLES] Creating personalized ip6tables chain INPUT_OC2
1761565195.102006 [[38;5;42m  INFO  [0m]otupy.actuators.slpf.slpf_actuator_iptables: [IPTABLES] Linking INPUT v6 chain to personalized INPUT_OC2 v6 chain
1761565195.112249 [[38;5;42m  INFO  [0m]otupy.actuators.slpf.slpf_actuator_iptables: [IPTABLES] Creating personalized ip6tables chain OUTPUT_OC2
1761565195.122574 [[38;5;42m  INFO  [0m]otupy.actuators.slpf.slpf_actuator_iptables: [IPTABLES] Linking OUTPUT v6 chain to personalized OUTPUT_OC2 v6 chain
1761565195.132591 [[38;5;42m  INFO  [0m]otupy.actuators.slpf.slpf_actuator_iptables: [IPTABLES] Creating personalized ip6tables chain FORWARD_OC2
1761565195.145303 [[38;5;42m  INFO  [0m]otupy.actuators.slpf.slpf_actuator_iptables: [IPTABLES] Linking FORWARD v6 chain to personalized FORWARD_OC2 v6 chain
1761565195.151397 [[38;5;42m  INFO  [0m]otupy.actuators.slpf.slpf_actuator: [SLPF-iptables] Initializing database
1761565195.152577 [[38;5;42m  INFO  [0m]otupy.actuators.slpf.slpf_actuator: [SLPF-iptables] File mode
1761565195.152637 [[38;5;42m  INFO  [0m]otupy.actuators.slpf.slpf_actuator_iptables: [IPTABLES] Restoring iptables v4 rules
1761565195.158585 [[38;5;42m  INFO  [0m]otupy.actuators.slpf.slpf_actuator_iptables: [IPTABLES] Restoring iptables v6 rules
1761565195.164354 [[38;5;42m  INFO  [0m]otupy.actuators.slpf.slpf_actuator: [SLPF-iptables] Initializing scheduler
1761565195.179895 [[38;5;42m  INFO  [0m]apscheduler.scheduler: Scheduler started
1761565195.180248 [[38;5;42m  INFO  [0m]otupy.actuators.slpf.slpf_actuator: [SLPF-iptables] Initialization executed successfully
1761565196.348053 [[38;5;42m  INFO  [0m]otupy.actuators.slpf.slpf_actuator_openstack: [OPENSTACK] Connection executed successfully
1761565196.348239 [[38;5;42m  INFO  [0m]otupy.actuators.slpf.slpf_actuator: [SLPF-openstack] Initializing database
1761565196.351009 [[38;5;42m  INFO  [0m]otupy.actuators.slpf.slpf_actuator: [SLPF-openstack] File mode
1761565196.351084 [[38;5;42m  INFO  [0m]otupy.actuators.slpf.slpf_actuator: [SLPF-openstack] Initializing scheduler
1761565196.351726 [[38;5;42m  INFO  [0m]apscheduler.scheduler: Scheduler started
1761565196.351903 [[38;5;42m  INFO  [0m]otupy.actuators.slpf.slpf_actuator: [SLPF-openstack] Initialization executed successfully
1761565196.355462 [[38;5;42m  INFO  [0m]otupy.actuators.slpf.slpf_actuator_kubernetes: [KUBERNETES] Connection executed successfully
1761565196.355561 [[38;5;42m  INFO  [0m]otupy.actuators.slpf.slpf_actuator: [SLPF-kubernetes] Initializing database
1761565196.357078 [[38;5;42m  INFO  [0m]otupy.actuators.slpf.slpf_actuator: [SLPF-kubernetes] File mode
1761565196.357130 [[38;5;42m  INFO  [0m]otupy.actuators.slpf.slpf_actuator: [SLPF-kubernetes] Initializing scheduler
1761565196.357771 [[38;5;42m  INFO  [0m]apscheduler.scheduler: Scheduler started
1761565196.357944 [[38;5;42m  INFO  [0m]otupy.actuators.slpf.slpf_actuator: [SLPF-kubernetes] Initialization executed successfully
1761565196.358027 [[38;5;42m  INFO  [0m]otupy.actuators.slpf.slpf_actuator: [SLPF-azure] Initializing database
1761565196.359281 [[38;5;42m  INFO  [0m]otupy.actuators.slpf.slpf_actuator: [SLPF-azure] File mode
1761565196.359323 [[38;5;42m  INFO  [0m]otupy.actuators.slpf.slpf_actuator: [SLPF-azure] Initializing scheduler
1761565196.359882 [[38;5;42m  INFO  [0m]apscheduler.scheduler: Scheduler started
1761565196.359998 [[38;5;42m  INFO  [0m]otupy.actuators.slpf.slpf_actuator: [SLPF-azure] Initialization executed successfully
1761565196.362053 [[38;5;226mWARNING [0m]werkzeug:  * Debugger is active!
1761565196.362211 [[38;5;42m  INFO  [0m]werkzeug:  * Debugger PIN: 284-270-002
1761565297.127702 [[38;5;42m  INFO  [0m]werkzeug:  * Detected change in '/home/kali/Scrivania/openc2lib/examples/slpf/slpf_producer.py', reloading
1761565297.127907 [[38;5;42m  INFO  [0m]otupy.actuators.slpf.slpf_actuator: [SLPF-azure] Deleting non persistent commands
1761565297.128132 [[38;5;42m  INFO  [0m]otupy.actuators.slpf.slpf_actuator: [SLPF-azure] File mode
1761565297.128268 [[38;5;42m  INFO  [0m]apscheduler.scheduler: Scheduler has been shut down
1761565297.128354 [[38;5;42m  INFO  [0m]otupy.actuators.slpf.slpf_actuator: [SLPF-azure] Shutdown
1761565297.128427 [[38;5;42m  INFO  [0m]otupy.actuators.slpf.slpf_actuator: [SLPF-kubernetes] Deleting non persistent commands
1761565297.128628 [[38;5;42m  INFO  [0m]otupy.actuators.slpf.slpf_actuator: [SLPF-kubernetes] File mode
1761565297.128721 [[38;5;42m  INFO  [0m]apscheduler.scheduler: Scheduler has been shut down
1761565297.128793 [[38;5;42m  INFO  [0m]otupy.actuators.slpf.slpf_actuator: [SLPF-kubernetes] Shutdown
1761565297.128911 [[38;5;42m  INFO  [0m]otupy.actuators.slpf.slpf_actuator: [SLPF-openstack] Deleting non persistent commands
1761565297.129047 [[38;5;42m  INFO  [0m]otupy.actuators.slpf.slpf_actuator: [SLPF-openstack] File mode
1761565297.129128 [[38;5;42m  INFO  [0m]apscheduler.scheduler: Scheduler has been shut down
1761565297.129177 [[38;5;42m  INFO  [0m]otupy.actuators.slpf.slpf_actuator: [SLPF-openstack] Shutdown
1761565297.129465 [[38;5;42m  INFO  [0m]otupy.actuators.slpf.slpf_actuator: [SLPF-iptables] Deleting non persistent commands
1761565297.129649 [[38;5;42m  INFO  [0m]otupy.actuators.slpf.slpf_actuator: [SLPF-iptables] File mode
1761565297.129730 [[38;5;42m  INFO  [0m]apscheduler.scheduler: Scheduler has been shut down
1761565297.129834 [[38;5;42m  INFO  [0m]otupy.actuators.slpf.slpf_actuator: [SLPF-iptables] Shutdown
1761565297.339422 [[38;5;42m  INFO  [0m]werkzeug:  * Restarting with stat
1761565297.828421 [[38;5;42m  INFO  [0m]otupy.actuators.slpf.slpf_actuator: [SLPF-iptables] Initializing database
1761565297.829257 [[38;5;42m  INFO  [0m]otupy.actuators.slpf.slpf_actuator: [SLPF-iptables] File mode
1761565297.829348 [[38;5;42m  INFO  [0m]otupy.actuators.slpf.slpf_actuator_iptables: [IPTABLES] Restoring iptables v4 rules
1761565297.834951 [[38;5;42m  INFO  [0m]otupy.actuators.slpf.slpf_actuator_iptables: [IPTABLES] Restoring iptables v6 rules
1761565297.840131 [[38;5;42m  INFO  [0m]otupy.actuators.slpf.slpf_actuator: [SLPF-iptables] Initializing scheduler
1761565297.860728 [[38;5;42m  INFO  [0m]apscheduler.scheduler: Scheduler started
1761565297.861094 [[38;5;42m  INFO  [0m]otupy.actuators.slpf.slpf_actuator: [SLPF-iptables] Initialization executed successfully
1761565298.867153 [[38;5;42m  INFO  [0m]otupy.actuators.slpf.slpf_actuator_openstack: [OPENSTACK] Connection executed successfully
1761565298.867316 [[38;5;42m  INFO  [0m]otupy.actuators.slpf.slpf_actuator: [SLPF-openstack] Initializing database
1761565298.867645 [[38;5;42m  INFO  [0m]otupy.actuators.slpf.slpf_actuator: [SLPF-openstack] File mode
1761565298.867683 [[38;5;42m  INFO  [0m]otupy.actuators.slpf.slpf_actuator: [SLPF-openstack] Initializing scheduler
1761565298.869820 [[38;5;42m  INFO  [0m]apscheduler.scheduler: Scheduler started
1761565298.870097 [[38;5;42m  INFO  [0m]otupy.actuators.slpf.slpf_actuator: [SLPF-openstack] Initialization executed successfully
1761565298.872380 [[38;5;42m  INFO  [0m]otupy.actuators.slpf.slpf_actuator_kubernetes: [KUBERNETES] Connection executed successfully
1761565298.872463 [[38;5;42m  INFO  [0m]otupy.actuators.slpf.slpf_actuator: [SLPF-kubernetes] Initializing database
1761565298.872748 [[38;5;42m  INFO  [0m]otupy.actuators.slpf.slpf_actuator: [SLPF-kubernetes] File mode
1761565298.872794 [[38;5;42m  INFO  [0m]otupy.actuators.slpf.slpf_actuator: [SLPF-kubernetes] Initializing scheduler
1761565298.873742 [[38;5;42m  INFO  [0m]apscheduler.scheduler: Scheduler started
1761565298.873991 [[38;5;42m  INFO  [0m]otupy.actuators.slpf.slpf_actuator: [SLPF-kubernetes] Initialization executed successfully
1761565298.874102 [[38;5;42m  INFO  [0m]otupy.actuators.slpf.slpf_actuator: [SLPF-azure] Initializing database
1761565298.874390 [[38;5;42m  INFO  [0m]otupy.actuators.slpf.slpf_actuator: [SLPF-azure] File mode
1761565298.874433 [[38;5;42m  INFO  [0m]otupy.actuators.slpf.slpf_actuator: [SLPF-azure] Initializing scheduler
1761565298.875250 [[38;5;42m  INFO  [0m]apscheduler.scheduler: Scheduler started
1761565298.875483 [[38;5;42m  INFO  [0m]otupy.actuators.slpf.slpf_actuator: [SLPF-azure] Initialization executed successfully
1761565298.877647 [[38;5;226mWARNING [0m]werkzeug:  * Debugger is active!
1761565298.877853 [[38;5;42m  INFO  [0m]werkzeug:  * Debugger PIN: 284-270-002
1761565310.270272 [[38;5;42m  INFO  [0m]otupy.transfers.http.http_transfer: Received HTTP body: 
{
   "headers": {
      "request_id": "694c3644-07af-49a3-9e55-488f8c439816",
      "created": 1761565310267,
      "from": "producer.example.net",
      "to": [
         "127.0.0.1"
      ]
   },
   "body": {
      "openc2": {
         "request": {
            "action": "allow",
            "target": {
               "ipv4_connection": {
                  "src_addr": "192.168.0.201/32",
                  "src_port": 80,
                  "dst_addr": "192.168.0.202/32",
                  "protocol": "tcp"
               }
            },
            "args": {
               "slpf": {
                  "direction": "ingress"
               },
               "response_requested": "complete"
            },
            "actuator": {
               "slpf": {
                  "asset_id": "openstack"
               }
            }
         }
      }
   }
}
1761565310.270621 [[38;5;42m  INFO  [0m]otupy.transfers.http.http_transfer: Received command: Message(content=Command(action=allow, target=IPv4Connection(src=192.168.0.201/32, dst=192.168.0.202/32, protocol=tcp, src_port=80, st_port=None), args={'direction': <Direction.ingress: 2>, 'response_requested': <ResponseType.complete: 3>}, actuator=slpf(asset_id:openstack), command_id=None), content_type='openc2', msg_type=<MessageType.command: 1>, status=None, request_id='694c3644-07af-49a3-9e55-488f8c439816', created=1761565310267, from_='producer.example.net', to=['127.0.0.1'], version='1.0', encoding=<class 'otupy.encoders.json.JSONEncoder'>)
1761565310.270782 [[38;5;42m  INFO  [0m]otupy.core.consumer: Dispatching command to: <otupy.actuators.slpf.slpf_actuator_openstack.SLPFActuator_openstack object at 0xffff843f9250>
1761565311.334554 [[38;5;42m  INFO  [0m]otupy.actuators.slpf.slpf_actuator_openstack: [OPENSTACK] Creating new security group for 192.168.0.202/32
1761565311.625201 [[38;5;42m  INFO  [0m]otupy.actuators.slpf.slpf_actuator_openstack: [OPENSTACK] Security group id: c8f8e56e-a479-4e02-8f2f-17f72a512794
1761565311.625329 [[38;5;42m  INFO  [0m]otupy.actuators.slpf.slpf_actuator_openstack: [OPENSTACK] Security group name: OC2_SG_192.168.0.202/32
1761565312.324779 [[38;5;42m  INFO  [0m]otupy.actuators.slpf.slpf_actuator: [SLPF-openstack] Database mode setted
1761565312.324949 [[38;5;42m  INFO  [0m]otupy.actuators.slpf.slpf_actuator: [SLPF-openstack] Inserting command in database
1761565312.327531 [[38;5;42m  INFO  [0m]apscheduler.scheduler: Added job "SLPFActuator_openstack.allow_deny_execution_wrapper" to job store "default"
1761565312.327630 [[38;5;42m  INFO  [0m]otupy.transfers.http.http_transfer: Got response: Message(content={'status': <StatusCode.OK: 200>, 'status_text': 'OK', 'results': {'rule_number': 1}}, content_type='openc2', msg_type=<MessageType.response: 2>, status=<StatusCode.OK: 200>, request_id='694c3644-07af-49a3-9e55-488f8c439816', created=1761565312327, from_='testconsumer', to=['producer.example.net'], version='1.0', encoding=None)
1761565312.327764 [[38;5;42m  INFO  [0m]otupy.transfers.http.http_transfer: Sending response:
{
   "headers": {
      "request_id": "694c3644-07af-49a3-9e55-488f8c439816",
      "created": 1761565312327,
      "from": "testconsumer",
      "to": [
         "producer.example.net"
      ]
   },
   "body": {
      "openc2": {
         "response": {
            "status": 200,
            "status_text": "OK",
            "results": {
               "slpf": {
                  "rule_number": 1
               }
            }
         }
      }
   }
}
1761565312.327929 [[38;5;42m  INFO  [0m]werkzeug: 127.0.0.1 - - [27/Oct/2025 12:41:52] "POST /.well-known/openc2 HTTP/1.1" 200 -
1761565312.328177 [[38;5;42m  INFO  [0m]apscheduler.executors.default: Running job "SLPFActuator_openstack.allow_deny_execution_wrapper (trigger: date[2025-10-27 12:41:52 CET], next run at: 2025-10-27 12:41:52 CET)" (scheduled at 2025-10-27 12:41:52.324762+01:00)
1761565312.329976 [[38;5;42m  INFO  [0m]apscheduler.scheduler: Removed job 773fcfa2-70cf-46e8-a3ad-d4901f6d3065
1761565313.703372 [[38;5;42m  INFO  [0m]otupy.actuators.slpf.slpf_actuator_openstack: [OPENSTACK] Security group c8f8e56e-a479-4e02-8f2f-17f72a512794 assigned to port 3b204b32-5fe8-41b9-96a9-df7ab2672511
1761565313.703530 [[38;5;42m  INFO  [0m]otupy.actuators.slpf.slpf_actuator: [SLPF-openstack] Allow action executed successfully
1761565313.703581 [[38;5;42m  INFO  [0m]apscheduler.executors.default: Job "SLPFActuator_openstack.allow_deny_execution_wrapper (trigger: date[2025-10-27 12:41:52 CET], next run at: 2025-10-27 12:41:52 CET)" executed successfully
1761578105.427935 [[38;5;42m  INFO  [0m]werkzeug: [31m[1mWARNING: This is a development server. Do not use it in a production deployment. Use a production WSGI server instead.[0m
 * Running on http://127.0.0.1:8080
1761578105.428061 [[38;5;42m  INFO  [0m]werkzeug: [33mPress CTRL+C to quit[0m
1761578105.428322 [[38;5;42m  INFO  [0m]werkzeug:  * Restarting with stat
1761578107.133691 [[38;5;42m  INFO  [0m]otupy.actuators.slpf.slpf_actuator: [SLPF-iptables] Initializing database
1761578107.134178 [[38;5;42m  INFO  [0m]otupy.actuators.slpf.slpf_actuator: [SLPF-iptables] File mode
1761578107.134252 [[38;5;42m  INFO  [0m]otupy.actuators.slpf.slpf_actuator_iptables: [IPTABLES] Restoring iptables v4 rules
1761578107.138261 [[38;5;42m  INFO  [0m]otupy.actuators.slpf.slpf_actuator_iptables: [IPTABLES] Restoring iptables v6 rules
1761578107.142488 [[38;5;42m  INFO  [0m]otupy.actuators.slpf.slpf_actuator: [SLPF-iptables] Initializing scheduler
1761578107.145025 [[38;5;42m  INFO  [0m]apscheduler.scheduler: Scheduler started
1761578107.145455 [[38;5;42m  INFO  [0m]otupy.actuators.slpf.slpf_actuator: [SLPF-iptables] Initialization executed successfully
1761578108.182736 [[38;5;42m  INFO  [0m]otupy.actuators.slpf.slpf_actuator_openstack: [OPENSTACK] Connection executed successfully
1761578108.182864 [[38;5;42m  INFO  [0m]otupy.actuators.slpf.slpf_actuator: [SLPF-openstack] Initializing database
1761578108.183182 [[38;5;42m  INFO  [0m]otupy.actuators.slpf.slpf_actuator: [SLPF-openstack] Database mode
1761578108.183233 [[38;5;42m  INFO  [0m]otupy.actuators.slpf.slpf_actuator: [SLPF-openstack] Initializing scheduler
1761578108.184038 [[38;5;42m  INFO  [0m]apscheduler.scheduler: Scheduler started
1761578108.184190 [[38;5;42m  INFO  [0m]otupy.actuators.slpf.slpf_actuator: [SLPF-openstack] Initialization executed successfully
1761578108.186195 [[38;5;42m  INFO  [0m]otupy.actuators.slpf.slpf_actuator_kubernetes: [KUBERNETES] Connection executed successfully
1761578108.186271 [[38;5;42m  INFO  [0m]otupy.actuators.slpf.slpf_actuator: [SLPF-kubernetes] Initializing database
1761578108.186525 [[38;5;42m  INFO  [0m]otupy.actuators.slpf.slpf_actuator: [SLPF-kubernetes] File mode
1761578108.186577 [[38;5;42m  INFO  [0m]otupy.actuators.slpf.slpf_actuator: [SLPF-kubernetes] Initializing scheduler
1761578108.187180 [[38;5;42m  INFO  [0m]apscheduler.scheduler: Scheduler started
1761578108.187353 [[38;5;42m  INFO  [0m]otupy.actuators.slpf.slpf_actuator: [SLPF-kubernetes] Initialization executed successfully
1761578108.187448 [[38;5;42m  INFO  [0m]otupy.actuators.slpf.slpf_actuator: [SLPF-azure] Initializing database
1761578108.187682 [[38;5;42m  INFO  [0m]otupy.actuators.slpf.slpf_actuator: [SLPF-azure] File mode
1761578108.187719 [[38;5;42m  INFO  [0m]otupy.actuators.slpf.slpf_actuator: [SLPF-azure] Initializing scheduler
1761578108.188287 [[38;5;42m  INFO  [0m]apscheduler.scheduler: Scheduler started
1761578108.188408 [[38;5;42m  INFO  [0m]otupy.actuators.slpf.slpf_actuator: [SLPF-azure] Initialization executed successfully
1761578108.190305 [[38;5;226mWARNING [0m]werkzeug:  * Debugger is active!
1761578108.190457 [[38;5;42m  INFO  [0m]werkzeug:  * Debugger PIN: 284-270-002
1761578119.927900 [[38;5;42m  INFO  [0m]otupy.transfers.http.http_transfer: Received HTTP body: 
{
   "headers": {
      "request_id": "b7b63fb3-de2a-4f2a-8ae9-4ac496d79f82",
      "created": 1761578119926,
      "from": "producer.example.net",
      "to": [
         "127.0.0.1"
      ]
   },
   "body": {
      "openc2": {
         "request": {
            "action": "delete",
            "target": {
               "slpf:rule_number": 1
            },
            "args": {
               "response_requested": "complete"
            },
            "actuator": {
               "slpf": {
                  "asset_id": "openstack"
               }
            }
         }
      }
   }
}
1761578119.928155 [[38;5;42m  INFO  [0m]otupy.transfers.http.http_transfer: Received command: Message(content=Command(action=delete, target=1, args={'response_requested': <ResponseType.complete: 3>}, actuator=slpf(asset_id:openstack), command_id=None), content_type='openc2', msg_type=<MessageType.command: 1>, status=None, request_id='b7b63fb3-de2a-4f2a-8ae9-4ac496d79f82', created=1761578119926, from_='producer.example.net', to=['127.0.0.1'], version='1.0', encoding=<class 'otupy.encoders.json.JSONEncoder'>)
1761578119.928281 [[38;5;42m  INFO  [0m]otupy.core.consumer: Dispatching command to: <otupy.actuators.slpf.slpf_actuator_openstack.SLPFActuator_openstack object at 0xffffa45291f0>
1761578119.928870 [[38;5;42m  INFO  [0m]apscheduler.scheduler: Added job "SLPFActuator_openstack.delete_handler" to job store "default"
1761578119.928951 [[38;5;42m  INFO  [0m]otupy.transfers.http.http_transfer: Got response: Message(content={'status': <StatusCode.OK: 200>, 'status_text': 'OK'}, content_type='openc2', msg_type=<MessageType.response: 2>, status=<StatusCode.OK: 200>, request_id='b7b63fb3-de2a-4f2a-8ae9-4ac496d79f82', created=1761578119928, from_='testconsumer', to=['producer.example.net'], version='1.0', encoding=None)
1761578119.929059 [[38;5;42m  INFO  [0m]otupy.transfers.http.http_transfer: Sending response:
{
   "headers": {
      "request_id": "b7b63fb3-de2a-4f2a-8ae9-4ac496d79f82",
      "created": 1761578119928,
      "from": "testconsumer",
      "to": [
         "producer.example.net"
      ]
   },
   "body": {
      "openc2": {
         "response": {
            "status": 200,
            "status_text": "OK"
         }
      }
   }
}
1761578119.929318 [[38;5;42m  INFO  [0m]werkzeug: 127.0.0.1 - - [27/Oct/2025 16:15:19] "POST /.well-known/openc2 HTTP/1.1" 200 -
1761578119.929450 [[38;5;42m  INFO  [0m]apscheduler.executors.default: Running job "SLPFActuator_openstack.delete_handler (trigger: date[2025-10-27 16:15:19 CET], next run at: 2025-10-27 16:15:19 CET)" (scheduled at 2025-10-27 16:15:19.928556+01:00)
1761578119.929570 [[38;5;42m  INFO  [0m]apscheduler.scheduler: Removed job 96462d7c-8200-46cd-af17-10f837b725ca
1761578121.793515 [[38;5;42m  INFO  [0m]otupy.actuators.slpf.slpf_actuator: [SLPF-openstack] Deleting command from database
1761578121.794378 [[38;5;42m  INFO  [0m]otupy.actuators.slpf.slpf_actuator: [SLPF-openstack] Delete action executed successfully
1761578121.794442 [[38;5;42m  INFO  [0m]apscheduler.executors.default: Job "SLPFActuator_openstack.delete_handler (trigger: date[2025-10-27 16:15:19 CET], next run at: 2025-10-27 16:15:19 CET)" executed successfully
1761578385.240126 [[38;5;42m  INFO  [0m]werkzeug:  * Detected change in '/home/kali/Scrivania/openc2lib/examples/slpf/slpf_producer.py', reloading
1761578385.240574 [[38;5;42m  INFO  [0m]otupy.actuators.slpf.slpf_actuator: [SLPF-azure] Deleting non persistent commands
1761578385.240856 [[38;5;42m  INFO  [0m]otupy.actuators.slpf.slpf_actuator: [SLPF-azure] File mode
1761578385.241039 [[38;5;42m  INFO  [0m]apscheduler.scheduler: Scheduler has been shut down
1761578385.241251 [[38;5;42m  INFO  [0m]otupy.actuators.slpf.slpf_actuator: [SLPF-azure] Shutdown
1761578385.241302 [[38;5;42m  INFO  [0m]otupy.actuators.slpf.slpf_actuator: [SLPF-kubernetes] Deleting non persistent commands
1761578385.241482 [[38;5;42m  INFO  [0m]otupy.actuators.slpf.slpf_actuator: [SLPF-kubernetes] File mode
1761578385.241611 [[38;5;42m  INFO  [0m]apscheduler.scheduler: Scheduler has been shut down
1761578385.241815 [[38;5;42m  INFO  [0m]otupy.actuators.slpf.slpf_actuator: [SLPF-kubernetes] Shutdown
1761578385.241905 [[38;5;42m  INFO  [0m]otupy.actuators.slpf.slpf_actuator: [SLPF-openstack] Deleting non persistent commands
1761578385.242100 [[38;5;42m  INFO  [0m]otupy.actuators.slpf.slpf_actuator: [SLPF-openstack] Database mode
1761578385.242144 [[38;5;42m  INFO  [0m]otupy.actuators.slpf.slpf_actuator: [SLPF-openstack] Saving persistent scheduled jobs
1761578385.242227 [[38;5;42m  INFO  [0m]apscheduler.scheduler: Scheduler has been shut down
1761578385.242277 [[38;5;42m  INFO  [0m]otupy.actuators.slpf.slpf_actuator: [SLPF-openstack] Shutdown
1761578385.242638 [[38;5;42m  INFO  [0m]otupy.actuators.slpf.slpf_actuator: [SLPF-iptables] Deleting non persistent commands
1761578385.242784 [[38;5;42m  INFO  [0m]otupy.actuators.slpf.slpf_actuator: [SLPF-iptables] File mode
1761578385.242876 [[38;5;42m  INFO  [0m]apscheduler.scheduler: Scheduler has been shut down
1761578385.242992 [[38;5;42m  INFO  [0m]otupy.actuators.slpf.slpf_actuator: [SLPF-iptables] Shutdown
1761578385.466608 [[38;5;42m  INFO  [0m]werkzeug:  * Restarting with stat
1761578385.969918 [[38;5;42m  INFO  [0m]otupy.actuators.slpf.slpf_actuator: [SLPF-iptables] Initializing database
1761578385.970470 [[38;5;42m  INFO  [0m]otupy.actuators.slpf.slpf_actuator: [SLPF-iptables] File mode
1761578385.970547 [[38;5;42m  INFO  [0m]otupy.actuators.slpf.slpf_actuator_iptables: [IPTABLES] Restoring iptables v4 rules
1761578385.975065 [[38;5;42m  INFO  [0m]otupy.actuators.slpf.slpf_actuator_iptables: [IPTABLES] Restoring iptables v6 rules
1761578385.979626 [[38;5;42m  INFO  [0m]otupy.actuators.slpf.slpf_actuator: [SLPF-iptables] Initializing scheduler
1761578385.981594 [[38;5;42m  INFO  [0m]apscheduler.scheduler: Scheduler started
1761578385.981820 [[38;5;42m  INFO  [0m]otupy.actuators.slpf.slpf_actuator: [SLPF-iptables] Initialization executed successfully
1761578386.842374 [[38;5;42m  INFO  [0m]otupy.actuators.slpf.slpf_actuator_openstack: [OPENSTACK] Connection executed successfully
1761578386.842505 [[38;5;42m  INFO  [0m]otupy.actuators.slpf.slpf_actuator: [SLPF-openstack] Initializing database
1761578386.842827 [[38;5;42m  INFO  [0m]otupy.actuators.slpf.slpf_actuator: [SLPF-openstack] File mode
1761578386.842893 [[38;5;42m  INFO  [0m]otupy.actuators.slpf.slpf_actuator: [SLPF-openstack] Initializing scheduler
1761578386.844926 [[38;5;42m  INFO  [0m]apscheduler.scheduler: Scheduler started
1761578386.845202 [[38;5;42m  INFO  [0m]otupy.actuators.slpf.slpf_actuator: [SLPF-openstack] Initialization executed successfully
1761578386.847269 [[38;5;42m  INFO  [0m]otupy.actuators.slpf.slpf_actuator_kubernetes: [KUBERNETES] Connection executed successfully
1761578386.847326 [[38;5;42m  INFO  [0m]otupy.actuators.slpf.slpf_actuator: [SLPF-kubernetes] Initializing database
1761578386.847536 [[38;5;42m  INFO  [0m]otupy.actuators.slpf.slpf_actuator: [SLPF-kubernetes] File mode
1761578386.847571 [[38;5;42m  INFO  [0m]otupy.actuators.slpf.slpf_actuator: [SLPF-kubernetes] Initializing scheduler
1761578386.848525 [[38;5;42m  INFO  [0m]apscheduler.scheduler: Scheduler started
1761578386.848656 [[38;5;42m  INFO  [0m]otupy.actuators.slpf.slpf_actuator: [SLPF-kubernetes] Initialization executed successfully
1761578386.848712 [[38;5;42m  INFO  [0m]otupy.actuators.slpf.slpf_actuator: [SLPF-azure] Initializing database
1761578386.848901 [[38;5;42m  INFO  [0m]otupy.actuators.slpf.slpf_actuator: [SLPF-azure] File mode
1761578386.848937 [[38;5;42m  INFO  [0m]otupy.actuators.slpf.slpf_actuator: [SLPF-azure] Initializing scheduler
1761578386.849848 [[38;5;42m  INFO  [0m]apscheduler.scheduler: Scheduler started
1761578386.850124 [[38;5;42m  INFO  [0m]otupy.actuators.slpf.slpf_actuator: [SLPF-azure] Initialization executed successfully
1761578386.851979 [[38;5;226mWARNING [0m]werkzeug:  * Debugger is active!
1761578386.852122 [[38;5;42m  INFO  [0m]werkzeug:  * Debugger PIN: 284-270-002
1761578391.520179 [[38;5;42m  INFO  [0m]otupy.transfers.http.http_transfer: Received HTTP body: 
{
   "headers": {
      "request_id": "5aa4cf54-0af1-48d9-922b-eb766dd5ade8",
      "created": 1761578391518,
      "from": "producer.example.net",
      "to": [
         "127.0.0.1"
      ]
   },
   "body": {
      "openc2": {
         "request": {
            "action": "allow",
            "target": {
               "ipv4_connection": {
                  "src_addr": "10.17.1.25/32",
                  "src_port": 80,
                  "dst_addr": "10.17.2.26/32",
                  "protocol": "tcp"
               }
            },
            "args": {
               "slpf": {
                  "direction": "ingress"
               },
               "response_requested": "complete"
            },
            "actuator": {
               "slpf": {
                  "asset_id": "kubernetes"
               }
            }
         }
      }
   }
}
1761578391.520566 [[38;5;42m  INFO  [0m]otupy.transfers.http.http_transfer: Received command: Message(content=Command(action=allow, target=IPv4Connection(src=10.17.1.25/32, dst=10.17.2.26/32, protocol=tcp, src_port=80, st_port=None), args={'direction': <Direction.ingress: 2>, 'response_requested': <ResponseType.complete: 3>}, actuator=slpf(asset_id:kubernetes), command_id=None), content_type='openc2', msg_type=<MessageType.command: 1>, status=None, request_id='5aa4cf54-0af1-48d9-922b-eb766dd5ade8', created=1761578391518, from_='producer.example.net', to=['127.0.0.1'], version='1.0', encoding=<class 'otupy.encoders.json.JSONEncoder'>)
1761578391.520740 [[38;5;42m  INFO  [0m]otupy.core.consumer: Dispatching command to: <otupy.actuators.slpf.slpf_actuator_kubernetes.SLPFActuator_kubernetes object at 0xffff7e28d0d0>
1761578391.759004 [[38;5;42m  INFO  [0m]otupy.transfers.http.http_transfer: Got response: Message(content={'status': <StatusCode.BADREQUEST: 400>, 'status_text': 'No pod founded for ip address 10.17.2.26/32'}, content_type='openc2', msg_type=<MessageType.response: 2>, status=<StatusCode.BADREQUEST: 400>, request_id='5aa4cf54-0af1-48d9-922b-eb766dd5ade8', created=1761578391758, from_='testconsumer', to=['producer.example.net'], version='1.0', encoding=None)
1761578391.759204 [[38;5;42m  INFO  [0m]otupy.transfers.http.http_transfer: Sending response:
{
   "headers": {
      "request_id": "5aa4cf54-0af1-48d9-922b-eb766dd5ade8",
      "created": 1761578391758,
      "from": "testconsumer",
      "to": [
         "producer.example.net"
      ]
   },
   "body": {
      "openc2": {
         "response": {
            "status": 400,
            "status_text": "No pod founded for ip address 10.17.2.26/32"
         }
      }
   }
}
1761578391.759405 [[38;5;42m  INFO  [0m]werkzeug: 127.0.0.1 - - [27/Oct/2025 16:19:51] "[31m[1mPOST /.well-known/openc2 HTTP/1.1[0m" 400 -
1761578570.228762 [[38;5;42m  INFO  [0m]werkzeug:  * Detected change in '/home/kali/Scrivania/openc2lib/examples/slpf/slpf_producer.py', reloading
1761578570.229062 [[38;5;42m  INFO  [0m]otupy.actuators.slpf.slpf_actuator: [SLPF-azure] Deleting non persistent commands
1761578570.229342 [[38;5;42m  INFO  [0m]otupy.actuators.slpf.slpf_actuator: [SLPF-azure] File mode
1761578570.229532 [[38;5;42m  INFO  [0m]apscheduler.scheduler: Scheduler has been shut down
1761578570.229753 [[38;5;42m  INFO  [0m]otupy.actuators.slpf.slpf_actuator: [SLPF-azure] Shutdown
1761578570.229802 [[38;5;42m  INFO  [0m]otupy.actuators.slpf.slpf_actuator: [SLPF-kubernetes] Deleting non persistent commands
1761578570.229954 [[38;5;42m  INFO  [0m]otupy.actuators.slpf.slpf_actuator: [SLPF-kubernetes] File mode
1761578570.230081 [[38;5;42m  INFO  [0m]apscheduler.scheduler: Scheduler has been shut down
1761578570.230284 [[38;5;42m  INFO  [0m]otupy.actuators.slpf.slpf_actuator: [SLPF-kubernetes] Shutdown
1761578570.230367 [[38;5;42m  INFO  [0m]otupy.actuators.slpf.slpf_actuator: [SLPF-openstack] Deleting non persistent commands
1761578570.230539 [[38;5;42m  INFO  [0m]otupy.actuators.slpf.slpf_actuator: [SLPF-openstack] File mode
1761578570.230652 [[38;5;42m  INFO  [0m]apscheduler.scheduler: Scheduler has been shut down
1761578570.230779 [[38;5;42m  INFO  [0m]otupy.actuators.slpf.slpf_actuator: [SLPF-openstack] Shutdown
1761578570.231175 [[38;5;42m  INFO  [0m]otupy.actuators.slpf.slpf_actuator: [SLPF-iptables] Deleting non persistent commands
1761578570.231346 [[38;5;42m  INFO  [0m]otupy.actuators.slpf.slpf_actuator: [SLPF-iptables] File mode
1761578570.231454 [[38;5;42m  INFO  [0m]apscheduler.scheduler: Scheduler has been shut down
1761578570.231652 [[38;5;42m  INFO  [0m]otupy.actuators.slpf.slpf_actuator: [SLPF-iptables] Shutdown
1761578570.447232 [[38;5;42m  INFO  [0m]werkzeug:  * Restarting with stat
1761578570.988741 [[38;5;42m  INFO  [0m]otupy.actuators.slpf.slpf_actuator: [SLPF-iptables] Initializing database
1761578570.989414 [[38;5;42m  INFO  [0m]otupy.actuators.slpf.slpf_actuator: [SLPF-iptables] File mode
1761578570.989508 [[38;5;42m  INFO  [0m]otupy.actuators.slpf.slpf_actuator_iptables: [IPTABLES] Restoring iptables v4 rules
1761578570.995144 [[38;5;42m  INFO  [0m]otupy.actuators.slpf.slpf_actuator_iptables: [IPTABLES] Restoring iptables v6 rules
1761578571.000924 [[38;5;42m  INFO  [0m]otupy.actuators.slpf.slpf_actuator: [SLPF-iptables] Initializing scheduler
1761578571.003640 [[38;5;42m  INFO  [0m]apscheduler.scheduler: Scheduler started
1761578571.003860 [[38;5;42m  INFO  [0m]otupy.actuators.slpf.slpf_actuator: [SLPF-iptables] Initialization executed successfully
1761578571.924746 [[38;5;42m  INFO  [0m]otupy.actuators.slpf.slpf_actuator_openstack: [OPENSTACK] Connection executed successfully
1761578571.924917 [[38;5;42m  INFO  [0m]otupy.actuators.slpf.slpf_actuator: [SLPF-openstack] Initializing database
1761578571.925276 [[38;5;42m  INFO  [0m]otupy.actuators.slpf.slpf_actuator: [SLPF-openstack] File mode
1761578571.925325 [[38;5;42m  INFO  [0m]otupy.actuators.slpf.slpf_actuator: [SLPF-openstack] Initializing scheduler
1761578571.926646 [[38;5;42m  INFO  [0m]apscheduler.scheduler: Scheduler started
1761578571.926984 [[38;5;42m  INFO  [0m]otupy.actuators.slpf.slpf_actuator: [SLPF-openstack] Initialization executed successfully
1761578571.929732 [[38;5;42m  INFO  [0m]otupy.actuators.slpf.slpf_actuator_kubernetes: [KUBERNETES] Connection executed successfully
1761578571.929843 [[38;5;42m  INFO  [0m]otupy.actuators.slpf.slpf_actuator: [SLPF-kubernetes] Initializing database
1761578571.930154 [[38;5;42m  INFO  [0m]otupy.actuators.slpf.slpf_actuator: [SLPF-kubernetes] File mode
1761578571.930213 [[38;5;42m  INFO  [0m]otupy.actuators.slpf.slpf_actuator: [SLPF-kubernetes] Initializing scheduler
1761578571.931546 [[38;5;42m  INFO  [0m]apscheduler.scheduler: Scheduler started
1761578571.931914 [[38;5;42m  INFO  [0m]otupy.actuators.slpf.slpf_actuator: [SLPF-kubernetes] Initialization executed successfully
1761578571.932029 [[38;5;42m  INFO  [0m]otupy.actuators.slpf.slpf_actuator: [SLPF-azure] Initializing database
1761578571.932331 [[38;5;42m  INFO  [0m]otupy.actuators.slpf.slpf_actuator: [SLPF-azure] File mode
1761578571.932384 [[38;5;42m  INFO  [0m]otupy.actuators.slpf.slpf_actuator: [SLPF-azure] Initializing scheduler
1761578571.933235 [[38;5;42m  INFO  [0m]apscheduler.scheduler: Scheduler started
1761578571.933429 [[38;5;42m  INFO  [0m]otupy.actuators.slpf.slpf_actuator: [SLPF-azure] Initialization executed successfully
1761578571.935476 [[38;5;226mWARNING [0m]werkzeug:  * Debugger is active!
1761578571.935740 [[38;5;42m  INFO  [0m]werkzeug:  * Debugger PIN: 284-270-002
1761578574.432493 [[38;5;42m  INFO  [0m]otupy.transfers.http.http_transfer: Received HTTP body: 
{
   "headers": {
      "request_id": "da344c3f-5cd1-42e2-b4b6-983d2fb91d32",
      "created": 1761578574430,
      "from": "producer.example.net",
      "to": [
         "127.0.0.1"
      ]
   },
   "body": {
      "openc2": {
         "request": {
            "action": "allow",
            "target": {
               "ipv4_connection": {
                  "src_addr": "10.17.1.62/32",
                  "src_port": 80,
                  "dst_addr": "10.17.2.44/32",
                  "protocol": "tcp"
               }
            },
            "args": {
               "slpf": {
                  "direction": "ingress"
               },
               "response_requested": "complete"
            },
            "actuator": {
               "slpf": {
                  "asset_id": "kubernetes"
               }
            }
         }
      }
   }
}
1761578574.432852 [[38;5;42m  INFO  [0m]otupy.transfers.http.http_transfer: Received command: Message(content=Command(action=allow, target=IPv4Connection(src=10.17.1.62/32, dst=10.17.2.44/32, protocol=tcp, src_port=80, st_port=None), args={'direction': <Direction.ingress: 2>, 'response_requested': <ResponseType.complete: 3>}, actuator=slpf(asset_id:kubernetes), command_id=None), content_type='openc2', msg_type=<MessageType.command: 1>, status=None, request_id='da344c3f-5cd1-42e2-b4b6-983d2fb91d32', created=1761578574430, from_='producer.example.net', to=['127.0.0.1'], version='1.0', encoding=<class 'otupy.encoders.json.JSONEncoder'>)
1761578574.433012 [[38;5;42m  INFO  [0m]otupy.core.consumer: Dispatching command to: <otupy.actuators.slpf.slpf_actuator_kubernetes.SLPFActuator_kubernetes object at 0xffffaec41a60>
1761578574.717138 [[38;5;42m  INFO  [0m]otupy.actuators.slpf.slpf_actuator: [SLPF-kubernetes] Database mode setted
1761578574.717237 [[38;5;42m  INFO  [0m]otupy.actuators.slpf.slpf_actuator_kubernetes: [KUBERNETES] Deleting all Kubernetes network policy.
1761578574.816286 [[38;5;42m  INFO  [0m]otupy.actuators.slpf.slpf_actuator: [SLPF-kubernetes] Inserting command in database
1761578574.817464 [[38;5;42m  INFO  [0m]apscheduler.scheduler: Added job "SLPFActuator_kubernetes.allow_deny_execution_wrapper" to job store "default"
1761578574.817574 [[38;5;42m  INFO  [0m]otupy.transfers.http.http_transfer: Got response: Message(content={'status': <StatusCode.OK: 200>, 'status_text': 'OK', 'results': {'rule_number': 1}}, content_type='openc2', msg_type=<MessageType.response: 2>, status=<StatusCode.OK: 200>, request_id='da344c3f-5cd1-42e2-b4b6-983d2fb91d32', created=1761578574817, from_='testconsumer', to=['producer.example.net'], version='1.0', encoding=None)
1761578574.817719 [[38;5;42m  INFO  [0m]otupy.transfers.http.http_transfer: Sending response:
{
   "headers": {
      "request_id": "da344c3f-5cd1-42e2-b4b6-983d2fb91d32",
      "created": 1761578574817,
      "from": "testconsumer",
      "to": [
         "producer.example.net"
      ]
   },
   "body": {
      "openc2": {
         "response": {
            "status": 200,
            "status_text": "OK",
            "results": {
               "slpf": {
                  "rule_number": 1
               }
            }
         }
      }
   }
}
1761578574.818091 [[38;5;42m  INFO  [0m]werkzeug: 127.0.0.1 - - [27/Oct/2025 16:22:54] "POST /.well-known/openc2 HTTP/1.1" 200 -
1761578574.818270 [[38;5;42m  INFO  [0m]apscheduler.executors.default: Running job "SLPFActuator_kubernetes.allow_deny_execution_wrapper (trigger: date[2025-10-27 16:22:54 CET], next run at: 2025-10-27 16:22:54 CET)" (scheduled at 2025-10-27 16:22:54.717126+01:00)
1761578574.818906 [[38;5;42m  INFO  [0m]apscheduler.scheduler: Removed job 919adf0b-420f-4095-aedd-0e6420174010
1761578574.856987 [[38;5;42m  INFO  [0m]otupy.actuators.slpf.slpf_actuator: [SLPF-kubernetes] Allow action executed successfully
1761578574.857141 [[38;5;42m  INFO  [0m]apscheduler.executors.default: Job "SLPFActuator_kubernetes.allow_deny_execution_wrapper (trigger: date[2025-10-27 16:22:54 CET], next run at: 2025-10-27 16:22:54 CET)" executed successfully
1761578818.984668 [[38;5;42m  INFO  [0m]werkzeug:  * Detected change in '/home/kali/Scrivania/openc2lib/examples/slpf/slpf_producer.py', reloading
1761578818.984985 [[38;5;42m  INFO  [0m]otupy.actuators.slpf.slpf_actuator: [SLPF-azure] Deleting non persistent commands
1761578818.985263 [[38;5;42m  INFO  [0m]otupy.actuators.slpf.slpf_actuator: [SLPF-azure] File mode
1761578818.985419 [[38;5;42m  INFO  [0m]apscheduler.scheduler: Scheduler has been shut down
1761578818.985526 [[38;5;42m  INFO  [0m]otupy.actuators.slpf.slpf_actuator: [SLPF-azure] Shutdown
1761578818.985650 [[38;5;42m  INFO  [0m]otupy.actuators.slpf.slpf_actuator: [SLPF-kubernetes] Deleting non persistent commands
1761578818.985802 [[38;5;42m  INFO  [0m]otupy.actuators.slpf.slpf_actuator: [SLPF-kubernetes] Database mode
1761578818.985849 [[38;5;42m  INFO  [0m]otupy.actuators.slpf.slpf_actuator: [SLPF-kubernetes] Saving persistent scheduled jobs
1761578818.985914 [[38;5;42m  INFO  [0m]apscheduler.scheduler: Scheduler has been shut down
1761578818.985962 [[38;5;42m  INFO  [0m]otupy.actuators.slpf.slpf_actuator: [SLPF-kubernetes] Shutdown
1761578818.986194 [[38;5;42m  INFO  [0m]otupy.actuators.slpf.slpf_actuator: [SLPF-openstack] Deleting non persistent commands
1761578818.986330 [[38;5;42m  INFO  [0m]otupy.actuators.slpf.slpf_actuator: [SLPF-openstack] File mode
1761578818.986413 [[38;5;42m  INFO  [0m]apscheduler.scheduler: Scheduler has been shut down
1761578818.986454 [[38;5;42m  INFO  [0m]otupy.actuators.slpf.slpf_actuator: [SLPF-openstack] Shutdown
1761578818.986976 [[38;5;42m  INFO  [0m]otupy.actuators.slpf.slpf_actuator: [SLPF-iptables] Deleting non persistent commands
1761578818.987115 [[38;5;42m  INFO  [0m]otupy.actuators.slpf.slpf_actuator: [SLPF-iptables] File mode
1761578818.987178 [[38;5;42m  INFO  [0m]apscheduler.scheduler: Scheduler has been shut down
1761578818.987233 [[38;5;42m  INFO  [0m]otupy.actuators.slpf.slpf_actuator: [SLPF-iptables] Shutdown
1761578819.169239 [[38;5;42m  INFO  [0m]werkzeug:  * Restarting with stat
1761578819.719581 [[38;5;42m  INFO  [0m]otupy.actuators.slpf.slpf_actuator: [SLPF-iptables] Initializing database
1761578819.720250 [[38;5;42m  INFO  [0m]otupy.actuators.slpf.slpf_actuator: [SLPF-iptables] File mode
1761578819.720331 [[38;5;42m  INFO  [0m]otupy.actuators.slpf.slpf_actuator_iptables: [IPTABLES] Restoring iptables v4 rules
1761578819.725935 [[38;5;42m  INFO  [0m]otupy.actuators.slpf.slpf_actuator_iptables: [IPTABLES] Restoring iptables v6 rules
1761578819.731805 [[38;5;42m  INFO  [0m]otupy.actuators.slpf.slpf_actuator: [SLPF-iptables] Initializing scheduler
1761578819.734682 [[38;5;42m  INFO  [0m]apscheduler.scheduler: Scheduler started
1761578819.734982 [[38;5;42m  INFO  [0m]otupy.actuators.slpf.slpf_actuator: [SLPF-iptables] Initialization executed successfully
1761578820.895143 [[38;5;42m  INFO  [0m]otupy.actuators.slpf.slpf_actuator_openstack: [OPENSTACK] Connection executed successfully
1761578820.895340 [[38;5;42m  INFO  [0m]otupy.actuators.slpf.slpf_actuator: [SLPF-openstack] Initializing database
1761578820.895731 [[38;5;42m  INFO  [0m]otupy.actuators.slpf.slpf_actuator: [SLPF-openstack] File mode
1761578820.895782 [[38;5;42m  INFO  [0m]otupy.actuators.slpf.slpf_actuator: [SLPF-openstack] Initializing scheduler
1761578820.896710 [[38;5;42m  INFO  [0m]apscheduler.scheduler: Scheduler started
1761578820.896984 [[38;5;42m  INFO  [0m]otupy.actuators.slpf.slpf_actuator: [SLPF-openstack] Initialization executed successfully
1761578820.899637 [[38;5;42m  INFO  [0m]otupy.actuators.slpf.slpf_actuator_kubernetes: [KUBERNETES] Connection executed successfully
1761578820.899782 [[38;5;42m  INFO  [0m]otupy.actuators.slpf.slpf_actuator: [SLPF-kubernetes] Initializing database
1761578820.900154 [[38;5;42m  INFO  [0m]otupy.actuators.slpf.slpf_actuator: [SLPF-kubernetes] Database mode
1761578820.900212 [[38;5;42m  INFO  [0m]otupy.actuators.slpf.slpf_actuator: [SLPF-kubernetes] Initializing scheduler
1761578820.901642 [[38;5;42m  INFO  [0m]apscheduler.scheduler: Scheduler started
1761578820.901841 [[38;5;42m  INFO  [0m]otupy.actuators.slpf.slpf_actuator: [SLPF-kubernetes] Initialization executed successfully
1761578820.901936 [[38;5;42m  INFO  [0m]otupy.actuators.slpf.slpf_actuator: [SLPF-azure] Initializing database
1761578820.902172 [[38;5;42m  INFO  [0m]otupy.actuators.slpf.slpf_actuator: [SLPF-azure] File mode
1761578820.902225 [[38;5;42m  INFO  [0m]otupy.actuators.slpf.slpf_actuator: [SLPF-azure] Initializing scheduler
1761578820.903554 [[38;5;42m  INFO  [0m]apscheduler.scheduler: Scheduler started
1761578820.903766 [[38;5;42m  INFO  [0m]otupy.actuators.slpf.slpf_actuator: [SLPF-azure] Initialization executed successfully
1761578820.906132 [[38;5;226mWARNING [0m]werkzeug:  * Debugger is active!
1761578820.906421 [[38;5;42m  INFO  [0m]werkzeug:  * Debugger PIN: 284-270-002
1761578828.044024 [[38;5;42m  INFO  [0m]otupy.transfers.http.http_transfer: Received HTTP body: 
{
   "headers": {
      "request_id": "61eb1e47-5b0e-42e0-8d53-f3633ac9f045",
      "created": 1761578828042,
      "from": "producer.example.net",
      "to": [
         "127.0.0.1"
      ]
   },
   "body": {
      "openc2": {
         "request": {
            "action": "delete",
            "target": {
               "slpf:rule_number": 1
            },
            "args": {
               "response_requested": "complete"
            },
            "actuator": {
               "slpf": {
                  "asset_id": "kubernetes"
               }
            }
         }
      }
   }
}
1761578828.044299 [[38;5;42m  INFO  [0m]otupy.transfers.http.http_transfer: Received command: Message(content=Command(action=delete, target=1, args={'response_requested': <ResponseType.complete: 3>}, actuator=slpf(asset_id:kubernetes), command_id=None), content_type='openc2', msg_type=<MessageType.command: 1>, status=None, request_id='61eb1e47-5b0e-42e0-8d53-f3633ac9f045', created=1761578828042, from_='producer.example.net', to=['127.0.0.1'], version='1.0', encoding=<class 'otupy.encoders.json.JSONEncoder'>)
1761578828.044463 [[38;5;42m  INFO  [0m]otupy.core.consumer: Dispatching command to: <otupy.actuators.slpf.slpf_actuator_kubernetes.SLPFActuator_kubernetes object at 0xffffa2e69070>
1761578828.045096 [[38;5;42m  INFO  [0m]apscheduler.scheduler: Added job "SLPFActuator_kubernetes.delete_handler" to job store "default"
1761578828.045189 [[38;5;42m  INFO  [0m]otupy.transfers.http.http_transfer: Got response: Message(content={'status': <StatusCode.OK: 200>, 'status_text': 'OK'}, content_type='openc2', msg_type=<MessageType.response: 2>, status=<StatusCode.OK: 200>, request_id='61eb1e47-5b0e-42e0-8d53-f3633ac9f045', created=1761578828045, from_='testconsumer', to=['producer.example.net'], version='1.0', encoding=None)
1761578828.045310 [[38;5;42m  INFO  [0m]otupy.transfers.http.http_transfer: Sending response:
{
   "headers": {
      "request_id": "61eb1e47-5b0e-42e0-8d53-f3633ac9f045",
      "created": 1761578828045,
      "from": "testconsumer",
      "to": [
         "producer.example.net"
      ]
   },
   "body": {
      "openc2": {
         "response": {
            "status": 200,
            "status_text": "OK"
         }
      }
   }
}
1761578828.045476 [[38;5;42m  INFO  [0m]werkzeug: 127.0.0.1 - - [27/Oct/2025 16:27:08] "POST /.well-known/openc2 HTTP/1.1" 200 -
1761578828.045706 [[38;5;42m  INFO  [0m]apscheduler.executors.default: Running job "SLPFActuator_kubernetes.delete_handler (trigger: date[2025-10-27 16:27:08 CET], next run at: 2025-10-27 16:27:08 CET)" (scheduled at 2025-10-27 16:27:08.044781+01:00)
1761578828.046147 [[38;5;42m  INFO  [0m]apscheduler.scheduler: Removed job f5096ea8-5f17-4aa6-9905-466514c666ed
1761578828.152034 [[38;5;42m  INFO  [0m]otupy.actuators.slpf.slpf_actuator_kubernetes: [KUBERNETES] Deleting Kubernetes Network Policy slpf-np-mt25n
1761578828.348861 [[38;5;42m  INFO  [0m]otupy.actuators.slpf.slpf_actuator: [SLPF-kubernetes] Deleting command from database
1761578828.349693 [[38;5;42m  INFO  [0m]otupy.actuators.slpf.slpf_actuator: [SLPF-kubernetes] Delete action executed successfully
1761578828.349781 [[38;5;42m  INFO  [0m]apscheduler.executors.default: Job "SLPFActuator_kubernetes.delete_handler (trigger: date[2025-10-27 16:27:08 CET], next run at: 2025-10-27 16:27:08 CET)" executed successfully
1761578909.258591 [[38;5;42m  INFO  [0m]otupy.actuators.slpf.slpf_actuator: [SLPF-azure] Deleting non persistent commands
1761578909.258907 [[38;5;42m  INFO  [0m]otupy.actuators.slpf.slpf_actuator: [SLPF-azure] File mode
1761578909.259032 [[38;5;42m  INFO  [0m]apscheduler.scheduler: Scheduler has been shut down
1761578909.259195 [[38;5;42m  INFO  [0m]otupy.actuators.slpf.slpf_actuator: [SLPF-azure] Shutdown
1761578909.259242 [[38;5;42m  INFO  [0m]otupy.actuators.slpf.slpf_actuator: [SLPF-kubernetes] Deleting non persistent commands
1761578909.259372 [[38;5;42m  INFO  [0m]otupy.actuators.slpf.slpf_actuator: [SLPF-kubernetes] Database mode
1761578909.259408 [[38;5;42m  INFO  [0m]otupy.actuators.slpf.slpf_actuator: [SLPF-kubernetes] Saving persistent scheduled jobs
1761578909.259500 [[38;5;42m  INFO  [0m]apscheduler.scheduler: Scheduler has been shut down
1761578909.259662 [[38;5;42m  INFO  [0m]otupy.actuators.slpf.slpf_actuator: [SLPF-kubernetes] Shutdown
1761578909.259723 [[38;5;42m  INFO  [0m]otupy.actuators.slpf.slpf_actuator: [SLPF-openstack] Deleting non persistent commands
1761578909.259838 [[38;5;42m  INFO  [0m]otupy.actuators.slpf.slpf_actuator: [SLPF-openstack] File mode
1761578909.259927 [[38;5;42m  INFO  [0m]apscheduler.scheduler: Scheduler has been shut down
1761578909.260007 [[38;5;42m  INFO  [0m]otupy.actuators.slpf.slpf_actuator: [SLPF-openstack] Shutdown
1761578909.260397 [[38;5;42m  INFO  [0m]otupy.actuators.slpf.slpf_actuator: [SLPF-iptables] Deleting non persistent commands
1761578909.260586 [[38;5;42m  INFO  [0m]otupy.actuators.slpf.slpf_actuator: [SLPF-iptables] File mode
1761578909.260696 [[38;5;42m  INFO  [0m]apscheduler.scheduler: Scheduler has been shut down
1761578909.260867 [[38;5;42m  INFO  [0m]otupy.actuators.slpf.slpf_actuator: [SLPF-iptables] Shutdown
